Latexmk: This is Latexmk, John Collins, 26 Dec. 2019, version: 4.67.
Rule 'pdflatex': The following rules & subrules became out-of-date:
      'pdflatex'
------------
Run number 1 of rule 'pdflatex'
------------
------------
Running 'pdflatex  -interaction=nonstopmode -halt-on-error -recorder  "main.tex"'
------------
Latexmk: applying rule 'pdflatex'...
This is pdfTeX, Version 3.14159265-2.6-1.40.21 (TeX Live 2020) (preloaded format=pdflatex)
 restricted \write18 enabled.
entering extended mode
(./main.tex
LaTeX2e <2020-02-02> patch level 5
L3 programming layer <2020-03-06> (./sn-jnl.cls
Document Class: sn-jnl 2019/11/18 v0.1: An authoring template for Springer Jour
nal articles
(/usr/local/texlive/2020/texmf-dist/tex/latex/base/article.cls
Document Class: article 2019/12/20 v1.4l Standard LaTeX document class
(/usr/local/texlive/2020/texmf-dist/tex/latex/base/fleqn.clo)
(/usr/local/texlive/2020/texmf-dist/tex/latex/base/size10.clo))
(/usr/local/texlive/2020/texmf-dist/tex/latex/geometry/geometry.sty
(/usr/local/texlive/2020/texmf-dist/tex/latex/graphics/keyval.sty)
(/usr/local/texlive/2020/texmf-dist/tex/generic/iftex/ifvtex.sty
(/usr/local/texlive/2020/texmf-dist/tex/generic/iftex/iftex.sty)))
(/usr/local/texlive/2020/texmf-dist/tex/latex/sttools/cuted.sty)
(/usr/local/texlive/2020/texmf-dist/tex/latex/graphics/rotating.sty
(/usr/local/texlive/2020/texmf-dist/tex/latex/graphics/graphicx.sty
(/usr/local/texlive/2020/texmf-dist/tex/latex/graphics/graphics.sty
(/usr/local/texlive/2020/texmf-dist/tex/latex/graphics/trig.sty)
(/usr/local/texlive/2020/texmf-dist/tex/latex/graphics-cfg/graphics.cfg)
(/usr/local/texlive/2020/texmf-dist/tex/latex/graphics-def/pdftex.def)))
(/usr/local/texlive/2020/texmf-dist/tex/latex/base/ifthen.sty))
(/usr/local/texlive/2020/texmf-dist/tex/latex/threeparttable/threeparttable.sty
) (/usr/local/texlive/2020/texmf-dist/tex/latex/appendix/appendix.sty)
(/usr/local/texlive/2020/texmf-dist/tex/latex/hyperref/hyperref.sty
(/usr/local/texlive/2020/texmf-dist/tex/generic/ltxcmds/ltxcmds.sty)
(/usr/local/texlive/2020/texmf-dist/tex/latex/pdftexcmds/pdftexcmds.sty
(/usr/local/texlive/2020/texmf-dist/tex/generic/infwarerr/infwarerr.sty))
(/usr/local/texlive/2020/texmf-dist/tex/generic/kvsetkeys/kvsetkeys.sty)
(/usr/local/texlive/2020/texmf-dist/tex/generic/kvdefinekeys/kvdefinekeys.sty)
(/usr/local/texlive/2020/texmf-dist/tex/generic/pdfescape/pdfescape.sty)
(/usr/local/texlive/2020/texmf-dist/tex/latex/hycolor/hycolor.sty)
(/usr/local/texlive/2020/texmf-dist/tex/latex/letltxmacro/letltxmacro.sty)
(/usr/local/texlive/2020/texmf-dist/tex/latex/auxhook/auxhook.sty)
(/usr/local/texlive/2020/texmf-dist/tex/latex/kvoptions/kvoptions.sty)
(/usr/local/texlive/2020/texmf-dist/tex/latex/hyperref/pd1enc.def)
(/usr/local/texlive/2020/texmf-dist/tex/generic/intcalc/intcalc.sty)
(/usr/local/texlive/2020/texmf-dist/tex/generic/etexcmds/etexcmds.sty)
(/usr/local/texlive/2020/texmf-dist/tex/latex/url/url.sty)
(/usr/local/texlive/2020/texmf-dist/tex/generic/bitset/bitset.sty
(/usr/local/texlive/2020/texmf-dist/tex/generic/bigintcalc/bigintcalc.sty))
(/usr/local/texlive/2020/texmf-dist/tex/generic/atbegshi/atbegshi.sty))
(/usr/local/texlive/2020/texmf-dist/tex/latex/hyperref/hpdftex.def
(/usr/local/texlive/2020/texmf-dist/tex/latex/atveryend/atveryend.sty)
(/usr/local/texlive/2020/texmf-dist/tex/latex/rerunfilecheck/rerunfilecheck.sty

(/usr/local/texlive/2020/texmf-dist/tex/generic/uniquecounter/uniquecounter.sty
))) (/usr/local/texlive/2020/texmf-dist/tex/latex/wrapfig/wrapfig.sty)
(/usr/local/texlive/2020/texmf-dist/tex/latex/amscls/amsthm.sty)
(/usr/local/texlive/2020/texmf-dist/tex/latex/base/fix-cm.sty
(/usr/local/texlive/2020/texmf-dist/tex/latex/base/ts1enc.def))
(/usr/local/texlive/2020/texmf-dist/tex/latex/natbib/natbib.sty))
(/usr/local/texlive/2020/texmf-dist/tex/latex/amsmath/amsmath.sty
For additional information on amsmath, use the `?' option.
(/usr/local/texlive/2020/texmf-dist/tex/latex/amsmath/amstext.sty
(/usr/local/texlive/2020/texmf-dist/tex/latex/amsmath/amsgen.sty))
(/usr/local/texlive/2020/texmf-dist/tex/latex/amsmath/amsbsy.sty)
(/usr/local/texlive/2020/texmf-dist/tex/latex/amsmath/amsopn.sty))
(/usr/local/texlive/2020/texmf-dist/tex/latex/amsfonts/amssymb.sty
(/usr/local/texlive/2020/texmf-dist/tex/latex/amsfonts/amsfonts.sty))
(/usr/local/texlive/2020/texmf-dist/tex/latex/booktabs/booktabs.sty)
(/usr/local/texlive/2020/texmf-dist/tex/latex/tools/array.sty)
(/usr/local/texlive/2020/texmf-dist/tex/latex/tools/tabularx.sty)
(/usr/local/texlive/2020/texmf-dist/tex/latex/xurl/xurl.sty)
(/usr/local/texlive/2020/texmf-dist/tex/latex/l3backend/l3backend-pdfmode.def)
(./main.aux)
*geometry* driver: auto-detecting
*geometry* detected driver: pdftex
(/usr/local/texlive/2020/texmf-dist/tex/context/base/mkii/supp-pdf.mkii
[Loading MPS to PDF converter (version 2006.09.02).]
) (/usr/local/texlive/2020/texmf-dist/tex/latex/epstopdf-pkg/epstopdf-base.sty
(/usr/local/texlive/2020/texmf-dist/tex/latex/latexconfig/epstopdf-sys.cfg))
(/usr/local/texlive/2020/texmf-dist/tex/latex/graphics/color.sty
(/usr/local/texlive/2020/texmf-dist/tex/latex/graphics-cfg/color.cfg))
(/usr/local/texlive/2020/texmf-dist/tex/latex/hyperref/nameref.sty
(/usr/local/texlive/2020/texmf-dist/tex/latex/refcount/refcount.sty)
(/usr/local/texlive/2020/texmf-dist/tex/generic/gettitlestring/gettitlestring.s
ty)) (/usr/local/texlive/2020/texmf-dist/tex/latex/amsfonts/umsa.fd)
(/usr/local/texlive/2020/texmf-dist/tex/latex/amsfonts/umsb.fd)
Underfull \vbox (badness 10000) has occurred while \output is active
Underfull \vbox (badness 10000) has occurred while \output is active [1{/usr/lo
cal/texlive/2020/texmf-var/fonts/map/pdftex/updmap/pdftex.map}]

Package natbib Warning: Citation `McGary2010' on page 2 undefined on input line
 78.


Package natbib Warning: Citation `Singh2008' on page 2 undefined on input line 
78.


Package natbib Warning: Citation `Quimbaya2012' on page 2 undefined on input li
ne 78.


Package natbib Warning: Citation `Szawulak2022' on page 2 undefined on input li
ne 83.


Package natbib Warning: Citation `Murata1989' on page 2 undefined on input line
 90.


Package natbib Warning: Citation `Koch2005' on page 2 undefined on input line 9
0.


Package natbib Warning: Citation `ChaouiyaPetriBio2007' on page 2 undefined on 
input line 90.


Package natbib Warning: Citation `Heiner2008' on page 2 undefined on input line
 90.


Package natbib Warning: Citation `Regev2002' on page 2 undefined on input line 
92.


Package natbib Warning: Citation `Fisher2007' on page 2 undefined on input line
 92.


Package natbib Warning: Citation `Milner1989' on page 2 undefined on input line
 95.


Package natbib Warning: Citation `BaierKatoen2008' on page 2 undefined on input
 line 95.


Package natbib Warning: Citation `Sangiorgi2011' on page 2 undefined on input l
ine 95.


Package natbib Warning: Citation `Pauleve2020' on page 2 undefined on input lin
e 101.


Package natbib Warning: Citation `CifuentesFontanals2022' on page 2 undefined o
n input line 104.


Package natbib Warning: Citation `Benes2023' on page 2 undefined on input line 
104.


Package natbib Warning: Citation `Hill2016' on page 2 undefined on input line 1
26.


Package natbib Warning: Citation `Razzaq2018' on page 2 undefined on input line
 126.


Underfull \vbox (badness 10000) has occurred while \output is active
Underfull \vbox (badness 10000) has occurred while \output is active [2]

Package natbib Warning: Citation `Quimbaya2012' on page 3 undefined on input li
ne 130.


Package natbib Warning: Citation `ClavijoBuritica2023' on page 3 undefined on i
nput line 130.


Package natbib Warning: Citation `Hanahan2011' on page 3 undefined on input lin
e 131.


Package natbib Warning: Citation `Hanahan2022' on page 3 undefined on input lin
e 131.


LaTeX Warning: Reference `tab:novelty' on page 3 undefined on input line 153.


Package natbib Warning: Citation `Szawulak2022' on page 3 undefined on input li
ne 177.


LaTeX Warning: Reference `fig:pipeline' on page 3 undefined on input line 180.


Underfull \vbox (badness 10000) has occurred while \output is active
Underfull \vbox (badness 10000) has occurred while \output is active [3]

Package natbib Warning: Citation `Milner1989' on page 4 undefined on input line
 229.


Package natbib Warning: Citation `Sangiorgi2011' on page 4 undefined on input l
ine 229.


Underfull \vbox (badness 10000) has occurred while \output is active [4 <../../
figs/Fig1.pdf>]

LaTeX Warning: Reference `tab:synthetic' on page 5 undefined on input line 276.



Package natbib Warning: Citation `Bunte2019' on page 5 undefined on input line 
302.


Underfull \vbox (badness 10000) has occurred while \output is active [5]

Package natbib Warning: Citation `Naldi2018' on page 6 undefined on input line 
321.


Package natbib Warning: Citation `Traynard2016' on page 6 undefined on input li
ne 322.


Package natbib Warning: Citation `Chaouiya2013SBML' on page 6 undefined on inpu
t line 322.


Package natbib Warning: Citation `AbouJaoude2009' on page 6 undefined on input 
line 324.


Package natbib Warning: Citation `Hill2016' on page 6 undefined on input line 3
52.


Package natbib Warning: Citation `Razzaq2018' on page 6 undefined on input line
 353.


Underfull \vbox (badness 10000) has occurred while \output is active [6]
Underfull \hbox (badness 10000) in paragraph at lines 368--379
[]\OT1/cmr/m/n/10 The obser-va-tional inter-face was the inter-sec-tion of seve
n mea-sured

Underfull \hbox (badness 10000) in paragraph at lines 368--379
\OT1/cmr/m/n/10 pT202/Y204, MEK1-pS217/S221, mTOR-pS2448 and p70S6K-pT389. The

Package natbib Warning: Citation `Pauleve2020' on page 7 undefined on input lin
e 387.


Package natbib Warning: Citation `Razzaq2018' on page 7 undefined on input line
 387.


Underfull \vbox (badness 10000) has occurred while \output is active
Underfull \vbox (badness 10000) has occurred while \output is active [7]

Package natbib Warning: Citation `Szawulak2022' on page 8 undefined on input li
ne 423.


Package natbib Warning: Citation `Radom2017' on page 8 undefined on input line 
443.


Underfull \vbox (badness 10000) has occurred while \output is active [8]

Package natbib Warning: Citation `Quimbaya2012' on page 9 undefined on input li
ne 487.


Package natbib Warning: Citation `ClavijoBuritica2023' on page 9 undefined on i
nput line 487.


Package natbib Warning: Citation `Yoshiyama2013' on page 9 undefined on input l
ine 489.


Package natbib Warning: Citation `DeVeylder2007' on page 9 undefined on input l
ine 489.


Package natbib Warning: Citation `Marshall2019' on page 9 undefined on input li
ne 489.


LaTeX Warning: Reference `fig:gim-petri' on page 9 undefined on input line 500.



Underfull \vbox (badness 10000) has occurred while \output is active [9]

LaTeX Warning: Reference `tab:synthetic' on page 10 undefined on input line 561
.


Underfull \hbox (badness 1173) in paragraph at lines 560--566
\OT1/cmr/m/n/10 The for-mal clas-si-fi-ca-tion matched the construction-level c
lass in all six cases

Underfull \vbox (badness 10000) has occurred while \output is active
Underfull \vbox (badness 10000) has occurred while \output is active [10 <../..
/figs/Fig2a.pdf> <../../figs/Fig2b.pdf>]

LaTeX Warning: Reference `tab:baseline' on page 11 undefined on input line 578.



LaTeX Warning: Reference `fig:benchmark' on page 11 undefined on input line 579
.


LaTeX Warning: Reference `tab:public-models' on page 11 undefined on input line
 619.


LaTeX Warning: Reference `tab:public-controls' on page 11 undefined on input li
ne 641.


Underfull \vbox (badness 10000) has occurred while \output is active [11]

LaTeX Warning: Reference `tab:hpn-medoids' on page 12 undefined on input line 6
84.


Underfull \vbox (badness 10000) has occurred while \output is active [12 <../..
/figs/Fig3.pdf>]

LaTeX Warning: Reference `fig:hpn-validation' on page 13 undefined on input lin
e 727.


LaTeX Warning: Reference `fig:hpn-validation' on page 13 undefined on input lin
e 731.


LaTeX Warning: Reference `fig:scaling' on page 13 undefined on input line 743.


Underfull \vbox (badness 10000) has occurred while \output is active [13]

LaTeX Warning: Reference `tab:case' on page 14 undefined on input line 765.


LaTeX Warning: Reference `tab:pn-gdda-native' on page 14 undefined on input lin
e 787.


Underfull \vbox (badness 10000) has occurred while \output is active [14 <../..
/figs/Fig4.pdf>]

LaTeX Warning: Reference `fig:gim-lts' on page 15 undefined on input line 823.


LaTeX Warning: Reference `fig:rcd-petri' on page 15 undefined on input line 848
.


LaTeX Warning: Reference `fig:gim-petri' on page 15 undefined on input line 871
.


Underfull \vbox (badness 10000) has occurred while \output is active [15 <../..
/figs/Fig5a.pdf> <../../figs/Fig5b.pdf>]

LaTeX Warning: Reference `fig:diagnostics' on page 16 undefined on input line 8
82.


Underfull \vbox (badness 10000) has occurred while \output is active
Underfull \vbox (badness 10000) has occurred while \output is active [16 <../..
/figs/Fig6a.pdf> <../../figs/Fig6b.pdf> <../../figs/Fig7a.pdf> <../../figs/Fig7
b.pdf>]
Underfull \vbox (badness 10000) has occurred while \output is active [17 <../..
/figs/Fig8.pdf>]

Package natbib Warning: Citation `Pauleve2020' on page 18 undefined on input li
ne 988.


Package natbib Warning: Citation `Razzaq2018' on page 18 undefined on input lin
e 998.


Underfull \vbox (badness 10000) has occurred while \output is active [18]
Underfull \vbox (badness 10000) has occurred while \output is active [19]
(./main.bbl
Underfull \vbox (badness 10000) has occurred while \output is active [20]
Underfull \vbox (badness 10000) has occurred while \output is active
Underfull \vbox (badness 10000) has occurred while \output is active [21])

Package natbib Warning: There were undefined citations.


Underfull \vbox (badness 10000) has occurred while \output is active [22]
(./main.aux

Package natbib Warning: Citation(s) may have changed.
(natbib)                Rerun to get citations correct.

)

Package rerunfilecheck Warning: File `main.out' has changed.
(rerunfilecheck)                Rerun to get outlines right
(rerunfilecheck)                or use package `bookmark'.


LaTeX Warning: There were undefined references.


LaTeX Warning: Label(s) may have changed. Rerun to get cross-references right.

 )
(see the transcript file for additional information)</usr/local/texlive/2020/te
xmf-dist/fonts/type1/public/amsfonts/cm/cmbx10.pfb></usr/local/texlive/2020/tex
mf-dist/fonts/type1/public/amsfonts/cm/cmbx12.pfb></usr/local/texlive/2020/texm
f-dist/fonts/type1/public/amsfonts/cm/cmbx8.pfb></usr/local/texlive/2020/texmf-
dist/fonts/type1/public/amsfonts/cm/cmbx9.pfb></usr/local/texlive/2020/texmf-di
st/fonts/type1/public/amsfonts/cm/cmex10.pfb></usr/local/texlive/2020/texmf-dis
t/fonts/type1/public/amsfonts/cm/cmmi10.pfb></usr/local/texlive/2020/texmf-dist
/fonts/type1/public/amsfonts/cm/cmmi5.pfb></usr/local/texlive/2020/texmf-dist/f
onts/type1/public/amsfonts/cm/cmmi7.pfb></usr/local/texlive/2020/texmf-dist/fon
ts/type1/public/amsfonts/cm/cmmi8.pfb></usr/local/texlive/2020/texmf-dist/fonts
/type1/public/amsfonts/cm/cmmi9.pfb></usr/local/texlive/2020/texmf-dist/fonts/t
ype1/public/amsfonts/cm/cmmib10.pfb></usr/local/texlive/2020/texmf-dist/fonts/t
ype1/public/amsfonts/cm/cmr10.pfb></usr/local/texlive/2020/texmf-dist/fonts/typ
e1/public/amsfonts/cm/cmr12.pfb></usr/local/texlive/2020/texmf-dist/fonts/type1
/public/amsfonts/cm/cmr17.pfb></usr/local/texlive/2020/texmf-dist/fonts/type1/p
ublic/amsfonts/cm/cmr7.pfb></usr/local/texlive/2020/texmf-dist/fonts/type1/publ
ic/amsfonts/cm/cmr8.pfb></usr/local/texlive/2020/texmf-dist/fonts/type1/public/
amsfonts/cm/cmr9.pfb></usr/local/texlive/2020/texmf-dist/fonts/type1/public/ams
fonts/cm/cmsy10.pfb></usr/local/texlive/2020/texmf-dist/fonts/type1/public/amsf
onts/cm/cmsy7.pfb></usr/local/texlive/2020/texmf-dist/fonts/type1/public/amsfon
ts/cm/cmsy8.pfb></usr/local/texlive/2020/texmf-dist/fonts/type1/public/amsfonts
/cm/cmsy9.pfb></usr/local/texlive/2020/texmf-dist/fonts/type1/public/amsfonts/c
m/cmti10.pfb></usr/local/texlive/2020/texmf-dist/fonts/type1/public/amsfonts/cm
/cmtt10.pfb></usr/local/texlive/2020/texmf-dist/fonts/type1/public/amsfonts/cm/
cmtt9.pfb>
Output written on main.pdf (22 pages, 704392 bytes).
Transcript written on main.log.
Latexmk: Found input bbl file 'main.bbl'
Latexmk: References changed.
Latexmk: References changed.
Latexmk: References changed.
Latexmk: Log file says output to 'main.pdf'
Latexmk: List of undefined refs and citations:
  Citation `AbouJaoude2009' on page 6 undefined on input line 324
  Citation `BaierKatoen2008' on page 2 undefined on input line 95
  Citation `Benes2023' on page 2 undefined on input line 104
  Citation `Bunte2019' on page 5 undefined on input line 302
  Citation `Chaouiya2013SBML' on page 6 undefined on input line 322
  Citation `ChaouiyaPetriBio2007' on page 2 undefined on input line 90
  Citation `CifuentesFontanals2022' on page 2 undefined on input line 104
  Citation `ClavijoBuritica2023' on page 3 undefined on input line 130
  Citation `ClavijoBuritica2023' on page 9 undefined on input line 487
  Citation `DeVeylder2007' on page 9 undefined on input line 489
  Citation `Fisher2007' on page 2 undefined on input line 92
  Citation `Hanahan2011' on page 3 undefined on input line 131
  Citation `Hanahan2022' on page 3 undefined on input line 131
  Citation `Heiner2008' on page 2 undefined on input line 90
  Citation `Hill2016' on page 2 undefined on input line 126
  Citation `Hill2016' on page 6 undefined on input line 352
  Citation `Koch2005' on page 2 undefined on input line 90
  Citation `Marshall2019' on page 9 undefined on input line 489
  Citation `McGary2010' on page 2 undefined on input line 78
  Citation `Milner1989' on page 2 undefined on input line 95
  Citation `Milner1989' on page 4 undefined on input line 229
  Citation `Murata1989' on page 2 undefined on input line 90
  Citation `Naldi2018' on page 6 undefined on input line 321
  Citation `Pauleve2020' on page 18 undefined on input line 988
  Citation `Pauleve2020' on page 2 undefined on input line 101
  Citation `Pauleve2020' on page 7 undefined on input line 387
  Citation `Quimbaya2012' on page 2 undefined on input line 78
  Citation `Quimbaya2012' on page 3 undefined on input line 130
  Citation `Quimbaya2012' on page 9 undefined on input line 487
  Citation `Radom2017' on page 8 undefined on input line 443
  Citation `Razzaq2018' on page 18 undefined on input line 998
  Citation `Razzaq2018' on page 2 undefined on input line 126
  Citation `Razzaq2018' on page 6 undefined on input line 353
  Citation `Razzaq2018' on page 7 undefined on input line 387
  Citation `Regev2002' on page 2 undefined on input line 92
  Citation `Sangiorgi2011' on page 2 undefined on input line 95
  Citation `Sangiorgi2011' on page 4 undefined on input line 229
  Citation `Singh2008' on page 2 undefined on input line 78
  Citation `Szawulak2022' on page 2 undefined on input line 83
  Citation `Szawulak2022' on page 3 undefined on input line 177
  Citation `Szawulak2022' on page 8 undefined on input line 423
  Citation `Traynard2016' on page 6 undefined on input line 322
  Citation `Yoshiyama2013' on page 9 undefined on input line 489
  Reference `fig:benchmark' on page 11 undefined on input line 579
  Reference `fig:diagnostics' on page 16 undefined on input line 882
  Reference `fig:gim-lts' on page 15 undefined on input line 823
  Reference `fig:gim-petri' on page 15 undefined on input line 871
  Reference `fig:gim-petri' on page 9 undefined on input line 500
  Reference `fig:hpn-validation' on page 13 undefined on input line 727
  Reference `fig:hpn-validation' on page 13 undefined on input line 731
  Reference `fig:pipeline' on page 3 undefined on input line 180
  Reference `fig:rcd-petri' on page 15 undefined on input line 848
  Reference `fig:scaling' on page 13 undefined on input line 743
  Reference `tab:baseline' on page 11 undefined on input line 578
  Reference `tab:case' on page 14 undefined on input line 765
  Reference `tab:hpn-medoids' on page 12 undefined on input line 684
  Reference `tab:novelty' on page 3 undefined on input line 153
  Reference `tab:pn-gdda-native' on page 14 undefined on input line 787
  Reference `tab:public-controls' on page 11 undefined on input line 641
  Reference `tab:public-models' on page 11 undefined on input line 619
  Reference `tab:synthetic' on page 10 undefined on input line 561
  Reference `tab:synthetic' on page 5 undefined on input line 276
=== TeX engine is 'pdfTeX'
Latexmk: Found bibliography file(s) [references.bib]
Rule 'bibtex main': File changes, etc:
   Changed files, or newly in use since previous run(s):
      'main.aux'
------------
Run number 1 of rule 'bibtex main'
------------
------------
Running 'bibtex  "main"'
------------
Latexmk: applying rule 'bibtex main'...
For rule 'bibtex main', running '&run_bibtex(  )' ...
This is BibTeX, Version 0.99d (TeX Live 2020)
The top-level auxiliary file: main.aux
The style file: sn-mathphys-ay.bst
Database file #1: references.bib
sn-mathphys-ay.bst [2024/07/19 v1.1 bibliography style]
Rule 'pdflatex': File changes, etc:
   Changed files, or newly in use since previous run(s):
      'main.aux'
      'main.out'
------------
Run number 2 of rule 'pdflatex'
------------
------------
Running 'pdflatex  -interaction=nonstopmode -halt-on-error -recorder  "main.tex"'
------------
Latexmk: applying rule 'pdflatex'...
This is pdfTeX, Version 3.14159265-2.6-1.40.21 (TeX Live 2020) (preloaded format=pdflatex)
 restricted \write18 enabled.
entering extended mode
(./main.tex
LaTeX2e <2020-02-02> patch level 5
L3 programming layer <2020-03-06> (./sn-jnl.cls
Document Class: sn-jnl 2019/11/18 v0.1: An authoring template for Springer Jour
nal articles
(/usr/local/texlive/2020/texmf-dist/tex/latex/base/article.cls
Document Class: article 2019/12/20 v1.4l Standard LaTeX document class
(/usr/local/texlive/2020/texmf-dist/tex/latex/base/fleqn.clo)
(/usr/local/texlive/2020/texmf-dist/tex/latex/base/size10.clo))
(/usr/local/texlive/2020/texmf-dist/tex/latex/geometry/geometry.sty
(/usr/local/texlive/2020/texmf-dist/tex/latex/graphics/keyval.sty)
(/usr/local/texlive/2020/texmf-dist/tex/generic/iftex/ifvtex.sty
(/usr/local/texlive/2020/texmf-dist/tex/generic/iftex/iftex.sty)))
(/usr/local/texlive/2020/texmf-dist/tex/latex/sttools/cuted.sty)
(/usr/local/texlive/2020/texmf-dist/tex/latex/graphics/rotating.sty
(/usr/local/texlive/2020/texmf-dist/tex/latex/graphics/graphicx.sty
(/usr/local/texlive/2020/texmf-dist/tex/latex/graphics/graphics.sty
(/usr/local/texlive/2020/texmf-dist/tex/latex/graphics/trig.sty)
(/usr/local/texlive/2020/texmf-dist/tex/latex/graphics-cfg/graphics.cfg)
(/usr/local/texlive/2020/texmf-dist/tex/latex/graphics-def/pdftex.def)))
(/usr/local/texlive/2020/texmf-dist/tex/latex/base/ifthen.sty))
(/usr/local/texlive/2020/texmf-dist/tex/latex/threeparttable/threeparttable.sty
) (/usr/local/texlive/2020/texmf-dist/tex/latex/appendix/appendix.sty)
(/usr/local/texlive/2020/texmf-dist/tex/latex/hyperref/hyperref.sty
(/usr/local/texlive/2020/texmf-dist/tex/generic/ltxcmds/ltxcmds.sty)
(/usr/local/texlive/2020/texmf-dist/tex/latex/pdftexcmds/pdftexcmds.sty
(/usr/local/texlive/2020/texmf-dist/tex/generic/infwarerr/infwarerr.sty))
(/usr/local/texlive/2020/texmf-dist/tex/generic/kvsetkeys/kvsetkeys.sty)
(/usr/local/texlive/2020/texmf-dist/tex/generic/kvdefinekeys/kvdefinekeys.sty)
(/usr/local/texlive/2020/texmf-dist/tex/generic/pdfescape/pdfescape.sty)
(/usr/local/texlive/2020/texmf-dist/tex/latex/hycolor/hycolor.sty)
(/usr/local/texlive/2020/texmf-dist/tex/latex/letltxmacro/letltxmacro.sty)
(/usr/local/texlive/2020/texmf-dist/tex/latex/auxhook/auxhook.sty)
(/usr/local/texlive/2020/texmf-dist/tex/latex/kvoptions/kvoptions.sty)
(/usr/local/texlive/2020/texmf-dist/tex/latex/hyperref/pd1enc.def)
(/usr/local/texlive/2020/texmf-dist/tex/generic/intcalc/intcalc.sty)
(/usr/local/texlive/2020/texmf-dist/tex/generic/etexcmds/etexcmds.sty)
(/usr/local/texlive/2020/texmf-dist/tex/latex/url/url.sty)
(/usr/local/texlive/2020/texmf-dist/tex/generic/bitset/bitset.sty
(/usr/local/texlive/2020/texmf-dist/tex/generic/bigintcalc/bigintcalc.sty))
(/usr/local/texlive/2020/texmf-dist/tex/generic/atbegshi/atbegshi.sty))
(/usr/local/texlive/2020/texmf-dist/tex/latex/hyperref/hpdftex.def
(/usr/local/texlive/2020/texmf-dist/tex/latex/atveryend/atveryend.sty)
(/usr/local/texlive/2020/texmf-dist/tex/latex/rerunfilecheck/rerunfilecheck.sty

(/usr/local/texlive/2020/texmf-dist/tex/generic/uniquecounter/uniquecounter.sty
))) (/usr/local/texlive/2020/texmf-dist/tex/latex/wrapfig/wrapfig.sty)
(/usr/local/texlive/2020/texmf-dist/tex/latex/amscls/amsthm.sty)
(/usr/local/texlive/2020/texmf-dist/tex/latex/base/fix-cm.sty
(/usr/local/texlive/2020/texmf-dist/tex/latex/base/ts1enc.def))
(/usr/local/texlive/2020/texmf-dist/tex/latex/natbib/natbib.sty))
(/usr/local/texlive/2020/texmf-dist/tex/latex/amsmath/amsmath.sty
For additional information on amsmath, use the `?' option.
(/usr/local/texlive/2020/texmf-dist/tex/latex/amsmath/amstext.sty
(/usr/local/texlive/2020/texmf-dist/tex/latex/amsmath/amsgen.sty))
(/usr/local/texlive/2020/texmf-dist/tex/latex/amsmath/amsbsy.sty)
(/usr/local/texlive/2020/texmf-dist/tex/latex/amsmath/amsopn.sty))
(/usr/local/texlive/2020/texmf-dist/tex/latex/amsfonts/amssymb.sty
(/usr/local/texlive/2020/texmf-dist/tex/latex/amsfonts/amsfonts.sty))
(/usr/local/texlive/2020/texmf-dist/tex/latex/booktabs/booktabs.sty)
(/usr/local/texlive/2020/texmf-dist/tex/latex/tools/array.sty)
(/usr/local/texlive/2020/texmf-dist/tex/latex/tools/tabularx.sty)
(/usr/local/texlive/2020/texmf-dist/tex/latex/xurl/xurl.sty)
(/usr/local/texlive/2020/texmf-dist/tex/latex/l3backend/l3backend-pdfmode.def)
(./main.aux)
*geometry* driver: auto-detecting
*geometry* detected driver: pdftex
(/usr/local/texlive/2020/texmf-dist/tex/context/base/mkii/supp-pdf.mkii
[Loading MPS to PDF converter (version 2006.09.02).]
) (/usr/local/texlive/2020/texmf-dist/tex/latex/epstopdf-pkg/epstopdf-base.sty
(/usr/local/texlive/2020/texmf-dist/tex/latex/latexconfig/epstopdf-sys.cfg))
(/usr/local/texlive/2020/texmf-dist/tex/latex/graphics/color.sty
(/usr/local/texlive/2020/texmf-dist/tex/latex/graphics-cfg/color.cfg))
(/usr/local/texlive/2020/texmf-dist/tex/latex/hyperref/nameref.sty
(/usr/local/texlive/2020/texmf-dist/tex/latex/refcount/refcount.sty)
(/usr/local/texlive/2020/texmf-dist/tex/generic/gettitlestring/gettitlestring.s
ty)) (./main.out) (./main.out)
(/usr/local/texlive/2020/texmf-dist/tex/latex/amsfonts/umsa.fd)
(/usr/local/texlive/2020/texmf-dist/tex/latex/amsfonts/umsb.fd)
Underfull \vbox (badness 10000) has occurred while \output is active
Underfull \vbox (badness 10000) has occurred while \output is active [1{/usr/lo
cal/texlive/2020/texmf-var/fonts/map/pdftex/updmap/pdftex.map}]
Underfull \vbox (badness 10000) has occurred while \output is active
Underfull \vbox (badness 10000) has occurred while \output is active [2]
Underfull \vbox (badness 10000) has occurred while \output is active [3]
Underfull \vbox (badness 10000) has occurred while \output is active [4 <../../
figs/Fig1.pdf>]
Underfull \vbox (badness 10000) has occurred while \output is active [5]
Underfull \vbox (badness 10000) has occurred while \output is active [6]
Underfull \hbox (badness 10000) in paragraph at lines 368--379
[]\OT1/cmr/m/n/10 The obser-va-tional inter-face was the inter-sec-tion of seve
n mea-sured

Underfull \hbox (badness 10000) in paragraph at lines 368--379
\OT1/cmr/m/n/10 pT202/Y204, MEK1-pS217/S221, mTOR-pS2448 and p70S6K-pT389. The

Underfull \vbox (badness 10000) has occurred while \output is active [7]
Underfull \vbox (badness 10000) has occurred while \output is active [8]
Underfull \vbox (badness 10000) has occurred while \output is active [9]
Underfull \vbox (badness 10000) has occurred while \output is active [10 <../..
/figs/Fig2a.pdf> <../../figs/Fig2b.pdf>]
Underfull \vbox (badness 10000) has occurred while \output is active [11]
Underfull \vbox (badness 10000) has occurred while \output is active
Underfull \vbox (badness 10000) has occurred while \output is active [12 <../..
/figs/Fig3.pdf>]
Underfull \vbox (badness 10000) has occurred while \output is active [13]
Underfull \vbox (badness 10000) has occurred while \output is active [14 <../..
/figs/Fig4.pdf>]
Underfull \hbox (badness 1253) in paragraph at lines 823--828
[]\OT1/cmr/m/n/10 The cor-re-spond-ing reach-a-bil-ity sys-tems in Fig. [][]5[]
[] make the weak rela-tion

Underfull \vbox (badness 10000) has occurred while \output is active [15]
Underfull \vbox (badness 10000) has occurred while \output is active
Underfull \vbox (badness 10000) has occurred while \output is active [16 <../..
/figs/Fig5a.pdf> <../../figs/Fig5b.pdf> <../../figs/Fig6a.pdf> <../../figs/Fig6
b.pdf>]
Underfull \vbox (badness 10000) has occurred while \output is active [17 <../..
/figs/Fig7a.pdf> <../../figs/Fig7b.pdf> <../../figs/Fig8.pdf>]
Underfull \vbox (badness 10000) has occurred while \output is active [18]
Underfull \vbox (badness 10000) has occurred while \output is active [19]
(./main.bbl
Underfull \vbox (badness 10000) has occurred while \output is active [20]
Underfull \vbox (badness 10000) has occurred while \output is active
Underfull \vbox (badness 10000) has occurred while \output is active [21]
Underfull \vbox (badness 10000) has occurred while \output is active
Underfull \vbox (badness 10000) has occurred while \output is active [22])
Underfull \vbox (badness 10000) has occurred while \output is active [23]
(./main.aux)

LaTeX Warning: Label(s) may have changed. Rerun to get cross-references right.

 )
(see the transcript file for additional information)</usr/local/texlive/2020/te
xmf-dist/fonts/type1/public/amsfonts/cm/cmbx10.pfb></usr/local/texlive/2020/tex
mf-dist/fonts/type1/public/amsfonts/cm/cmbx12.pfb></usr/local/texlive/2020/texm
f-dist/fonts/type1/public/amsfonts/cm/cmbx8.pfb></usr/local/texlive/2020/texmf-
dist/fonts/type1/public/amsfonts/cm/cmbx9.pfb></usr/local/texlive/2020/texmf-di
st/fonts/type1/public/amsfonts/cm/cmex10.pfb></usr/local/texlive/2020/texmf-dis
t/fonts/type1/public/amsfonts/cm/cmmi10.pfb></usr/local/texlive/2020/texmf-dist
/fonts/type1/public/amsfonts/cm/cmmi5.pfb></usr/local/texlive/2020/texmf-dist/f
onts/type1/public/amsfonts/cm/cmmi7.pfb></usr/local/texlive/2020/texmf-dist/fon
ts/type1/public/amsfonts/cm/cmmi8.pfb></usr/local/texlive/2020/texmf-dist/fonts
/type1/public/amsfonts/cm/cmmi9.pfb></usr/local/texlive/2020/texmf-dist/fonts/t
ype1/public/amsfonts/cm/cmmib10.pfb></usr/local/texlive/2020/texmf-dist/fonts/t
ype1/public/amsfonts/cm/cmr10.pfb></usr/local/texlive/2020/texmf-dist/fonts/typ
e1/public/amsfonts/cm/cmr12.pfb></usr/local/texlive/2020/texmf-dist/fonts/type1
/public/amsfonts/cm/cmr17.pfb></usr/local/texlive/2020/texmf-dist/fonts/type1/p
ublic/amsfonts/cm/cmr7.pfb></usr/local/texlive/2020/texmf-dist/fonts/type1/publ
ic/amsfonts/cm/cmr8.pfb></usr/local/texlive/2020/texmf-dist/fonts/type1/public/
amsfonts/cm/cmr9.pfb></usr/local/texlive/2020/texmf-dist/fonts/type1/public/ams
fonts/cm/cmsy10.pfb></usr/local/texlive/2020/texmf-dist/fonts/type1/public/amsf
onts/cm/cmsy7.pfb></usr/local/texlive/2020/texmf-dist/fonts/type1/public/amsfon
ts/cm/cmsy8.pfb></usr/local/texlive/2020/texmf-dist/fonts/type1/public/amsfonts
/cm/cmsy9.pfb></usr/local/texlive/2020/texmf-dist/fonts/type1/public/amsfonts/c
m/cmti10.pfb></usr/local/texlive/2020/texmf-dist/fonts/type1/public/amsfonts/cm
/cmtt10.pfb></usr/local/texlive/2020/texmf-dist/fonts/type1/public/amsfonts/cm/
cmtt9.pfb>
Output written on main.pdf (23 pages, 710039 bytes).
Transcript written on main.log.
Latexmk: Found input bbl file 'main.bbl'
Latexmk: References changed.
Latexmk: Log file says output to 'main.pdf'
=== TeX engine is 'pdfTeX'
Latexmk: Found bibliography file(s) [references.bib]
Rule 'bibtex main': File changes, etc:
   Changed files, or newly in use since previous run(s):
      'main.aux'
------------
Run number 2 of rule 'bibtex main'
------------
------------
Running 'bibtex  "main"'
------------
Latexmk: applying rule 'bibtex main'...
For rule 'bibtex main', running '&run_bibtex(  )' ...
This is BibTeX, Version 0.99d (TeX Live 2020)
The top-level auxiliary file: main.aux
The style file: sn-mathphys-ay.bst
Database file #1: references.bib
sn-mathphys-ay.bst [2024/07/19 v1.1 bibliography style]
Rule 'pdflatex': File changes, etc:
   Changed files, or newly in use since previous run(s):
      'main.aux'
------------
Run number 3 of rule 'pdflatex'
------------
------------
Running 'pdflatex  -interaction=nonstopmode -halt-on-error -recorder  "main.tex"'
------------
Latexmk: applying rule 'pdflatex'...
This is pdfTeX, Version 3.14159265-2.6-1.40.21 (TeX Live 2020) (preloaded format=pdflatex)
 restricted \write18 enabled.
entering extended mode
(./main.tex
LaTeX2e <2020-02-02> patch level 5
L3 programming layer <2020-03-06> (./sn-jnl.cls
Document Class: sn-jnl 2019/11/18 v0.1: An authoring template for Springer Jour
nal articles
(/usr/local/texlive/2020/texmf-dist/tex/latex/base/article.cls
Document Class: article 2019/12/20 v1.4l Standard LaTeX document class
(/usr/local/texlive/2020/texmf-dist/tex/latex/base/fleqn.clo)
(/usr/local/texlive/2020/texmf-dist/tex/latex/base/size10.clo))
(/usr/local/texlive/2020/texmf-dist/tex/latex/geometry/geometry.sty
(/usr/local/texlive/2020/texmf-dist/tex/latex/graphics/keyval.sty)
(/usr/local/texlive/2020/texmf-dist/tex/generic/iftex/ifvtex.sty
(/usr/local/texlive/2020/texmf-dist/tex/generic/iftex/iftex.sty)))
(/usr/local/texlive/2020/texmf-dist/tex/latex/sttools/cuted.sty)
(/usr/local/texlive/2020/texmf-dist/tex/latex/graphics/rotating.sty
(/usr/local/texlive/2020/texmf-dist/tex/latex/graphics/graphicx.sty
(/usr/local/texlive/2020/texmf-dist/tex/latex/graphics/graphics.sty
(/usr/local/texlive/2020/texmf-dist/tex/latex/graphics/trig.sty)
(/usr/local/texlive/2020/texmf-dist/tex/latex/graphics-cfg/graphics.cfg)
(/usr/local/texlive/2020/texmf-dist/tex/latex/graphics-def/pdftex.def)))
(/usr/local/texlive/2020/texmf-dist/tex/latex/base/ifthen.sty))
(/usr/local/texlive/2020/texmf-dist/tex/latex/threeparttable/threeparttable.sty
) (/usr/local/texlive/2020/texmf-dist/tex/latex/appendix/appendix.sty)
(/usr/local/texlive/2020/texmf-dist/tex/latex/hyperref/hyperref.sty
(/usr/local/texlive/2020/texmf-dist/tex/generic/ltxcmds/ltxcmds.sty)
(/usr/local/texlive/2020/texmf-dist/tex/latex/pdftexcmds/pdftexcmds.sty
(/usr/local/texlive/2020/texmf-dist/tex/generic/infwarerr/infwarerr.sty))
(/usr/local/texlive/2020/texmf-dist/tex/generic/kvsetkeys/kvsetkeys.sty)
(/usr/local/texlive/2020/texmf-dist/tex/generic/kvdefinekeys/kvdefinekeys.sty)
(/usr/local/texlive/2020/texmf-dist/tex/generic/pdfescape/pdfescape.sty)
(/usr/local/texlive/2020/texmf-dist/tex/latex/hycolor/hycolor.sty)
(/usr/local/texlive/2020/texmf-dist/tex/latex/letltxmacro/letltxmacro.sty)
(/usr/local/texlive/2020/texmf-dist/tex/latex/auxhook/auxhook.sty)
(/usr/local/texlive/2020/texmf-dist/tex/latex/kvoptions/kvoptions.sty)
(/usr/local/texlive/2020/texmf-dist/tex/latex/hyperref/pd1enc.def)
(/usr/local/texlive/2020/texmf-dist/tex/generic/intcalc/intcalc.sty)
(/usr/local/texlive/2020/texmf-dist/tex/generic/etexcmds/etexcmds.sty)
(/usr/local/texlive/2020/texmf-dist/tex/latex/url/url.sty)
(/usr/local/texlive/2020/texmf-dist/tex/generic/bitset/bitset.sty
(/usr/local/texlive/2020/texmf-dist/tex/generic/bigintcalc/bigintcalc.sty))
(/usr/local/texlive/2020/texmf-dist/tex/generic/atbegshi/atbegshi.sty))
(/usr/local/texlive/2020/texmf-dist/tex/latex/hyperref/hpdftex.def
(/usr/local/texlive/2020/texmf-dist/tex/latex/atveryend/atveryend.sty)
(/usr/local/texlive/2020/texmf-dist/tex/latex/rerunfilecheck/rerunfilecheck.sty

(/usr/local/texlive/2020/texmf-dist/tex/generic/uniquecounter/uniquecounter.sty
))) (/usr/local/texlive/2020/texmf-dist/tex/latex/wrapfig/wrapfig.sty)
(/usr/local/texlive/2020/texmf-dist/tex/latex/amscls/amsthm.sty)
(/usr/local/texlive/2020/texmf-dist/tex/latex/base/fix-cm.sty
(/usr/local/texlive/2020/texmf-dist/tex/latex/base/ts1enc.def))
(/usr/local/texlive/2020/texmf-dist/tex/latex/natbib/natbib.sty))
(/usr/local/texlive/2020/texmf-dist/tex/latex/amsmath/amsmath.sty
For additional information on amsmath, use the `?' option.
(/usr/local/texlive/2020/texmf-dist/tex/latex/amsmath/amstext.sty
(/usr/local/texlive/2020/texmf-dist/tex/latex/amsmath/amsgen.sty))
(/usr/local/texlive/2020/texmf-dist/tex/latex/amsmath/amsbsy.sty)
(/usr/local/texlive/2020/texmf-dist/tex/latex/amsmath/amsopn.sty))
(/usr/local/texlive/2020/texmf-dist/tex/latex/amsfonts/amssymb.sty
(/usr/local/texlive/2020/texmf-dist/tex/latex/amsfonts/amsfonts.sty))
(/usr/local/texlive/2020/texmf-dist/tex/latex/booktabs/booktabs.sty)
(/usr/local/texlive/2020/texmf-dist/tex/latex/tools/array.sty)
(/usr/local/texlive/2020/texmf-dist/tex/latex/tools/tabularx.sty)
(/usr/local/texlive/2020/texmf-dist/tex/latex/xurl/xurl.sty)
(/usr/local/texlive/2020/texmf-dist/tex/latex/l3backend/l3backend-pdfmode.def)
(./main.aux)
*geometry* driver: auto-detecting
*geometry* detected driver: pdftex
(/usr/local/texlive/2020/texmf-dist/tex/context/base/mkii/supp-pdf.mkii
[Loading MPS to PDF converter (version 2006.09.02).]
) (/usr/local/texlive/2020/texmf-dist/tex/latex/epstopdf-pkg/epstopdf-base.sty
(/usr/local/texlive/2020/texmf-dist/tex/latex/latexconfig/epstopdf-sys.cfg))
(/usr/local/texlive/2020/texmf-dist/tex/latex/graphics/color.sty
(/usr/local/texlive/2020/texmf-dist/tex/latex/graphics-cfg/color.cfg))
(/usr/local/texlive/2020/texmf-dist/tex/latex/hyperref/nameref.sty
(/usr/local/texlive/2020/texmf-dist/tex/latex/refcount/refcount.sty)
(/usr/local/texlive/2020/texmf-dist/tex/generic/gettitlestring/gettitlestring.s
ty)) (./main.out) (./main.out)
(/usr/local/texlive/2020/texmf-dist/tex/latex/amsfonts/umsa.fd)
(/usr/local/texlive/2020/texmf-dist/tex/latex/amsfonts/umsb.fd)
Underfull \vbox (badness 10000) has occurred while \output is active
Underfull \vbox (badness 10000) has occurred while \output is active [1{/usr/lo
cal/texlive/2020/texmf-var/fonts/map/pdftex/updmap/pdftex.map}]
Underfull \vbox (badness 10000) has occurred while \output is active
Underfull \vbox (badness 10000) has occurred while \output is active [2]
Underfull \vbox (badness 10000) has occurred while \output is active [3]
Underfull \vbox (badness 10000) has occurred while \output is active [4 <../../
figs/Fig1.pdf>]
Underfull \vbox (badness 10000) has occurred while \output is active [5]
Underfull \vbox (badness 10000) has occurred while \output is active [6]
Underfull \hbox (badness 10000) in paragraph at lines 368--379
[]\OT1/cmr/m/n/10 The obser-va-tional inter-face was the inter-sec-tion of seve
n mea-sured

Underfull \hbox (badness 10000) in paragraph at lines 368--379
\OT1/cmr/m/n/10 pT202/Y204, MEK1-pS217/S221, mTOR-pS2448 and p70S6K-pT389. The

Underfull \vbox (badness 10000) has occurred while \output is active [7]
Underfull \vbox (badness 10000) has occurred while \output is active [8]
Underfull \vbox (badness 10000) has occurred while \output is active [9]
Underfull \vbox (badness 10000) has occurred while \output is active [10 <../..
/figs/Fig2a.pdf> <../../figs/Fig2b.pdf>]
Underfull \vbox (badness 10000) has occurred while \output is active [11]
Underfull \vbox (badness 10000) has occurred while \output is active
Underfull \vbox (badness 10000) has occurred while \output is active [12 <../..
/figs/Fig3.pdf>]
Underfull \vbox (badness 10000) has occurred while \output is active [13]
Underfull \vbox (badness 10000) has occurred while \output is active [14 <../..
/figs/Fig4.pdf>]
Underfull \hbox (badness 1253) in paragraph at lines 823--828
[]\OT1/cmr/m/n/10 The cor-re-spond-ing reach-a-bil-ity sys-tems in Fig. [][]5[]
[] make the weak rela-tion

Underfull \vbox (badness 10000) has occurred while \output is active [15]
Underfull \vbox (badness 10000) has occurred while \output is active
Underfull \vbox (badness 10000) has occurred while \output is active [16 <../..
/figs/Fig5a.pdf> <../../figs/Fig5b.pdf> <../../figs/Fig6a.pdf> <../../figs/Fig6
b.pdf>]
Underfull \vbox (badness 10000) has occurred while \output is active [17 <../..
/figs/Fig7a.pdf> <../../figs/Fig7b.pdf> <../../figs/Fig8.pdf>]
Underfull \vbox (badness 10000) has occurred while \output is active [18]
Underfull \vbox (badness 10000) has occurred while \output is active [19]
(./main.bbl
Underfull \vbox (badness 10000) has occurred while \output is active [20]
Underfull \vbox (badness 10000) has occurred while \output is active
Underfull \vbox (badness 10000) has occurred while \output is active [21]
Underfull \vbox (badness 10000) has occurred while \output is active
Underfull \vbox (badness 10000) has occurred while \output is active [22])
Underfull \vbox (badness 10000) has occurred while \output is active [23]
(./main.aux) )
(see the transcript file for additional information)</usr/local/texlive/2020/te
xmf-dist/fonts/type1/public/amsfonts/cm/cmbx10.pfb></usr/local/texlive/2020/tex
mf-dist/fonts/type1/public/amsfonts/cm/cmbx12.pfb></usr/local/texlive/2020/texm
f-dist/fonts/type1/public/amsfonts/cm/cmbx8.pfb></usr/local/texlive/2020/texmf-
dist/fonts/type1/public/amsfonts/cm/cmbx9.pfb></usr/local/texlive/2020/texmf-di
st/fonts/type1/public/amsfonts/cm/cmex10.pfb></usr/local/texlive/2020/texmf-dis
t/fonts/type1/public/amsfonts/cm/cmmi10.pfb></usr/local/texlive/2020/texmf-dist
/fonts/type1/public/amsfonts/cm/cmmi5.pfb></usr/local/texlive/2020/texmf-dist/f
onts/type1/public/amsfonts/cm/cmmi7.pfb></usr/local/texlive/2020/texmf-dist/fon
ts/type1/public/amsfonts/cm/cmmi8.pfb></usr/local/texlive/2020/texmf-dist/fonts
/type1/public/amsfonts/cm/cmmi9.pfb></usr/local/texlive/2020/texmf-dist/fonts/t
ype1/public/amsfonts/cm/cmmib10.pfb></usr/local/texlive/2020/texmf-dist/fonts/t
ype1/public/amsfonts/cm/cmr10.pfb></usr/local/texlive/2020/texmf-dist/fonts/typ
e1/public/amsfonts/cm/cmr12.pfb></usr/local/texlive/2020/texmf-dist/fonts/type1
/public/amsfonts/cm/cmr17.pfb></usr/local/texlive/2020/texmf-dist/fonts/type1/p
ublic/amsfonts/cm/cmr7.pfb></usr/local/texlive/2020/texmf-dist/fonts/type1/publ
ic/amsfonts/cm/cmr8.pfb></usr/local/texlive/2020/texmf-dist/fonts/type1/public/
amsfonts/cm/cmr9.pfb></usr/local/texlive/2020/texmf-dist/fonts/type1/public/ams
fonts/cm/cmsy10.pfb></usr/local/texlive/2020/texmf-dist/fonts/type1/public/amsf
onts/cm/cmsy7.pfb></usr/local/texlive/2020/texmf-dist/fonts/type1/public/amsfon
ts/cm/cmsy8.pfb></usr/local/texlive/2020/texmf-dist/fonts/type1/public/amsfonts
/cm/cmsy9.pfb></usr/local/texlive/2020/texmf-dist/fonts/type1/public/amsfonts/c
m/cmti10.pfb></usr/local/texlive/2020/texmf-dist/fonts/type1/public/amsfonts/cm
/cmtt10.pfb></usr/local/texlive/2020/texmf-dist/fonts/type1/public/amsfonts/cm/
cmtt9.pfb>
Output written on main.pdf (23 pages, 710039 bytes).
Transcript written on main.log.
Latexmk: Found input bbl file 'main.bbl'
Latexmk: Log file says output to 'main.pdf'
=== TeX engine is 'pdfTeX'
Latexmk: Found bibliography file(s) [references.bib]
Latexmk: All targets () are up-to-date
