Latexmk: This is Latexmk, John Collins, 26 Dec. 2019, version: 4.67.
Rule 'pdflatex': The following rules & subrules became out-of-date:
      'pdflatex'
------------
Run number 1 of rule 'pdflatex'
------------
------------
Running 'pdflatex  -interaction=nonstopmode -halt-on-error -recorder  "main.tex"'
------------
Latexmk: applying rule 'pdflatex'...
This is pdfTeX, Version 3.14159265-2.6-1.40.21 (TeX Live 2020) (preloaded format=pdflatex)
 restricted \write18 enabled.
entering extended mode
(./main.tex
LaTeX2e <2020-02-02> patch level 5
L3 programming layer <2020-03-06> (./resources/ISRP.cls
Document Class: resources/ISRP 2024/08/01, 1: 
(/usr/local/texlive/2020/texmf-dist/tex/latex/base/article.cls
Document Class: article 2019/12/20 v1.4l Standard LaTeX document class
(/usr/local/texlive/2020/texmf-dist/tex/latex/base/size11.clo))
(/usr/local/texlive/2020/texmf-dist/tex/latex/graphics/graphicx.sty
(/usr/local/texlive/2020/texmf-dist/tex/latex/graphics/keyval.sty)
(/usr/local/texlive/2020/texmf-dist/tex/latex/graphics/graphics.sty
(/usr/local/texlive/2020/texmf-dist/tex/latex/graphics/trig.sty)
(/usr/local/texlive/2020/texmf-dist/tex/latex/graphics-cfg/graphics.cfg)
(/usr/local/texlive/2020/texmf-dist/tex/latex/graphics-def/pdftex.def)))
(/usr/local/texlive/2020/texmf-dist/tex/latex/graphics/color.sty
(/usr/local/texlive/2020/texmf-dist/tex/latex/graphics-cfg/color.cfg))
(/usr/local/texlive/2020/texmf-dist/tex/latex/amsmath/amscd.sty
(/usr/local/texlive/2020/texmf-dist/tex/latex/amsmath/amsgen.sty))
(/usr/local/texlive/2020/texmf-dist/tex/latex/amsfonts/amsfonts.sty)
(/usr/local/texlive/2020/texmf-dist/tex/latex/amsfonts/amssymb.sty)
(/usr/local/texlive/2020/texmf-dist/tex/latex/base/inputenc.sty)
(/usr/local/texlive/2020/texmf-dist/tex/latex/base/fontenc.sty)
(/usr/local/texlive/2020/texmf-dist/tex/latex/psnfss/pifont.sty
(/usr/local/texlive/2020/texmf-dist/tex/latex/psnfss/upzd.fd)
(/usr/local/texlive/2020/texmf-dist/tex/latex/psnfss/upsy.fd))
(/usr/local/texlive/2020/texmf-dist/tex/latex/lineno/lineno.sty)
(/usr/local/texlive/2020/texmf-dist/tex/latex/hyperref/hyperref.sty
(/usr/local/texlive/2020/texmf-dist/tex/generic/ltxcmds/ltxcmds.sty)
(/usr/local/texlive/2020/texmf-dist/tex/generic/iftex/iftex.sty)
(/usr/local/texlive/2020/texmf-dist/tex/latex/pdftexcmds/pdftexcmds.sty
(/usr/local/texlive/2020/texmf-dist/tex/generic/infwarerr/infwarerr.sty))
(/usr/local/texlive/2020/texmf-dist/tex/generic/kvsetkeys/kvsetkeys.sty)
(/usr/local/texlive/2020/texmf-dist/tex/generic/kvdefinekeys/kvdefinekeys.sty)
(/usr/local/texlive/2020/texmf-dist/tex/generic/pdfescape/pdfescape.sty)
(/usr/local/texlive/2020/texmf-dist/tex/latex/hycolor/hycolor.sty)
(/usr/local/texlive/2020/texmf-dist/tex/latex/letltxmacro/letltxmacro.sty)
(/usr/local/texlive/2020/texmf-dist/tex/latex/auxhook/auxhook.sty)
(/usr/local/texlive/2020/texmf-dist/tex/latex/kvoptions/kvoptions.sty)
(/usr/local/texlive/2020/texmf-dist/tex/latex/hyperref/pd1enc.def)
(/usr/local/texlive/2020/texmf-dist/tex/generic/intcalc/intcalc.sty)
(/usr/local/texlive/2020/texmf-dist/tex/generic/etexcmds/etexcmds.sty)
(/usr/local/texlive/2020/texmf-dist/tex/latex/hyperref/backref.sty
(/usr/local/texlive/2020/texmf-dist/tex/latex/rerunfilecheck/rerunfilecheck.sty
(/usr/local/texlive/2020/texmf-dist/tex/latex/atveryend/atveryend.sty)
(/usr/local/texlive/2020/texmf-dist/tex/generic/uniquecounter/uniquecounter.sty
(/usr/local/texlive/2020/texmf-dist/tex/generic/bigintcalc/bigintcalc.sty))))
(/usr/local/texlive/2020/texmf-dist/tex/latex/url/url.sty)
(/usr/local/texlive/2020/texmf-dist/tex/generic/bitset/bitset.sty)
(/usr/local/texlive/2020/texmf-dist/tex/generic/atbegshi/atbegshi.sty))
(/usr/local/texlive/2020/texmf-dist/tex/latex/hyperref/hpdftex.def)
(/usr/local/texlive/2020/texmf-dist/tex/latex/lm/lmodern.sty)
(/usr/local/texlive/2020/texmf-dist/tex/latex/psnfss/mathpazo.sty)
(/usr/local/texlive/2020/texmf-dist/tex/latex/psnfss/helvet.sty)
(/usr/local/texlive/2020/texmf-dist/tex/latex/eulervm/eulervm.sty)
(/usr/local/texlive/2020/texmf-dist/tex/latex/footmisc/footmisc.sty)
(/usr/local/texlive/2020/texmf-dist/tex/latex/caption/caption.sty
(/usr/local/texlive/2020/texmf-dist/tex/latex/caption/caption3.sty))
(/usr/local/texlive/2020/texmf-dist/tex/latex/natbib/natbib.sty)
(/usr/local/texlive/2020/texmf-dist/tex/latex/geometry/geometry.sty
(/usr/local/texlive/2020/texmf-dist/tex/generic/iftex/ifvtex.sty))
(/usr/local/texlive/2020/texmf-dist/tex/latex/base/fleqn.clo))
(/usr/local/texlive/2020/texmf-dist/tex/latex/amsmath/amsmath.sty
For additional information on amsmath, use the `?' option.
(/usr/local/texlive/2020/texmf-dist/tex/latex/amsmath/amstext.sty)
(/usr/local/texlive/2020/texmf-dist/tex/latex/amsmath/amsbsy.sty)
(/usr/local/texlive/2020/texmf-dist/tex/latex/amsmath/amsopn.sty))
(/usr/local/texlive/2020/texmf-dist/tex/latex/amscls/amsthm.sty)
(/usr/local/texlive/2020/texmf-dist/tex/latex/booktabs/booktabs.sty)
(/usr/local/texlive/2020/texmf-dist/tex/latex/tools/array.sty)
(/usr/local/texlive/2020/texmf-dist/tex/latex/tools/tabularx.sty)
(/usr/local/texlive/2020/texmf-dist/tex/latex/xurl/xurl.sty)
(/usr/local/texlive/2020/texmf-dist/tex/latex/l3backend/l3backend-pdfmode.def)
(./main.aux) (/usr/local/texlive/2020/texmf-dist/tex/latex/psnfss/t1pplx.fd)
(/usr/local/texlive/2020/texmf-dist/tex/context/base/mkii/supp-pdf.mkii
[Loading MPS to PDF converter (version 2006.09.02).]
) (/usr/local/texlive/2020/texmf-dist/tex/latex/epstopdf-pkg/epstopdf-base.sty
(/usr/local/texlive/2020/texmf-dist/tex/latex/latexconfig/epstopdf-sys.cfg))
(/usr/local/texlive/2020/texmf-dist/tex/latex/hyperref/nameref.sty
(/usr/local/texlive/2020/texmf-dist/tex/latex/refcount/refcount.sty)
(/usr/local/texlive/2020/texmf-dist/tex/generic/gettitlestring/gettitlestring.s
ty))
*geometry* driver: auto-detecting
*geometry* detected driver: pdftex
(/usr/local/texlive/2020/texmf-dist/tex/latex/eulervm/uzeur.fd)
(/usr/local/texlive/2020/texmf-dist/tex/latex/eulervm/uzeus.fd)
(/usr/local/texlive/2020/texmf-dist/tex/latex/eulervm/uzeuex.fd)
(/usr/local/texlive/2020/texmf-dist/tex/latex/psnfss/ot1zplm.fd)
(/usr/local/texlive/2020/texmf-dist/tex/latex/psnfss/t1phv.fd

LaTeX Warning: Font shape declaration has incorrect series value `mc'.
               It should not contain an `m'! Please correct it.
               Found on input line 20.


LaTeX Warning: Font shape declaration has incorrect series value `mc'.
               It should not contain an `m'! Please correct it.
               Found on input line 23.


LaTeX Warning: Font shape declaration has incorrect series value `mc'.
               It should not contain an `m'! Please correct it.
               Found on input line 26.


LaTeX Warning: Font shape declaration has incorrect series value `mc'.
               It should not contain an `m'! Please correct it.
               Found on input line 46.

) (/usr/local/texlive/2020/texmf-dist/tex/latex/psnfss/ts1pplx.fd)

Package natbib Warning: Citation `Murata1989' on page 1 undefined on input line
 123.


Package natbib Warning: Citation `Milner1989' on page 1 undefined on input line
 126.


Package natbib Warning: Citation `BaierKatoen2008' on page 1 undefined on input
 line 126.


Package natbib Warning: Citation `Sangiorgi2011' on page 1 undefined on input l
ine 126.

[1{/usr/local/texlive/2020/texmf-var/fonts/map/pdftex/updmap/pdftex.map} <./res
ources/jmcs.jpg>]

LaTeX Warning: Reference `eq:comparison-map' on page 2 undefined on input line 
132.


Package natbib Warning: Citation `Szawulak2022' on page 2 undefined on input li
ne 135.


Package natbib Warning: Citation `Koch2005' on page 2 undefined on input line 1
52.


Package natbib Warning: Citation `ChaouiyaPetriBio2007' on page 2 undefined on 
input line 152.


Package natbib Warning: Citation `Heiner2008' on page 2 undefined on input line
 152.


Package natbib Warning: Citation `Regev2002' on page 2 undefined on input line 
153.


Package natbib Warning: Citation `Fisher2007' on page 2 undefined on input line
 153.


Package natbib Warning: Citation `Pauleve2020' on page 2 undefined on input lin
e 156.


Package natbib Warning: Citation `CifuentesFontanals2022' on page 2 undefined o
n input line 158.


Package natbib Warning: Citation `Benes2023' on page 2 undefined on input line 
158.


Package natbib Warning: Citation `Hill2016' on page 2 undefined on input line 1
60.


Package natbib Warning: Citation `Razzaq2018' on page 2 undefined on input line
 160.


LaTeX Warning: Reference `tab:novelty' on page 2 undefined on input line 185.


Package natbib Warning: Citation `Szawulak2022' on page 2 undefined on input li
ne 209.


LaTeX Warning: Reference `fig:pipeline' on page 2 undefined on input line 212.

[2] (/usr/local/texlive/2020/texmf-dist/tex/latex/psnfss/ufplmbb.fd)

LaTeX Warning: Reference `sec:applications' on page 3 undefined on input line 2
49.


LaTeX Warning: Reference `def:petri-net' on page 3 undefined on input line 261.


[3 <./figures/Fig1.pdf>]

LaTeX Warning: Reference `def:weak-simulation' on page 4 undefined on input lin
e 304.


Package natbib Warning: Citation `Milner1989' on page 4 undefined on input line
 312.


Package natbib Warning: Citation `Sangiorgi2011' on page 4 undefined on input l
ine 312.


LaTeX Warning: Reference `eq:simulation-orientation' on page 4 undefined on inp
ut line 313.


LaTeX Warning: Reference `def:weak-traces' on page 4 undefined on input line 33
5.

[4]

LaTeX Warning: Reference `def:classifier' on page 5 undefined on input line 360
.


LaTeX Warning: Reference `eq:classifier' on page 5 undefined on input line 368.



LaTeX Warning: Reference `def:weak-simulation' on page 5 undefined on input lin
e 397.


LaTeX Warning: Reference `eq:sim-operator' on page 5 undefined on input line 40
3.


LaTeX Warning: Reference `eq:strong-bisim-operator' on page 5 undefined on inpu
t line 403.


LaTeX Warning: Reference `eq:sim-operator' on page 5 undefined on input line 42
4.


LaTeX Warning: Reference `eq:weak-bisim-operator' on page 5 undefined on input 
line 424.


LaTeX Warning: Reference `eq:strong-bisim-operator' on page 5 undefined on inpu
t line 425.


LaTeX Warning: Reference `def:weak-simulation' on page 5 undefined on input lin
e 426.


LaTeX Warning: Reference `def:bisimulation' on page 5 undefined on input line 4
26.

[5]

LaTeX Warning: Reference `def:weak-move' on page 6 undefined on input line 441.



LaTeX Warning: Reference `def:weak-traces' on page 6 undefined on input line 44
1.


LaTeX Warning: Reference `def:bisimulation' on page 6 undefined on input line 4
55.


LaTeX Warning: Reference `prop:silent-refinement' on page 6 undefined on input 
line 464.


LaTeX Warning: Reference `ex:branching' on page 6 undefined on input line 465.


LaTeX Warning: Reference `prop:label-blind' on page 6 undefined on input line 5
26.

[6]

LaTeX Warning: Reference `def:classifier' on page 7 undefined on input line 592
.


LaTeX Warning: Reference `eq:classifier' on page 7 undefined on input line 595.



LaTeX Warning: Reference `tab:components' on page 7 undefined on input line 601
.


LaTeX Warning: Reference `tab:synthetic' on page 7 undefined on input line 638.


[7] (/usr/local/texlive/2020/texmf-dist/tex/latex/lm/t1lmtt.fd)

Package natbib Warning: Citation `Bunte2019' on page 8 undefined on input line 
664.


Package natbib Warning: Citation `Szawulak2022' on page 8 undefined on input li
ne 691.

[8]

LaTeX Warning: Reference `eq:pn-gdda' on page 9 undefined on input line 702.


Package natbib Warning: Citation `Radom2017' on page 9 undefined on input line 
711.


Package natbib Warning: Citation `Hagberg2008' on page 9 undefined on input lin
e 752.

[9]

Package natbib Warning: Citation `Naldi2018' on page 10 undefined on input line
 772.


Package natbib Warning: Citation `Traynard2016' on page 10 undefined on input l
ine 773.


Package natbib Warning: Citation `Chaouiya2013SBML' on page 10 undefined on inp
ut line 773.


Package natbib Warning: Citation `AbouJaoude2009' on page 10 undefined on input
 line 775.


Package natbib Warning: Citation `Hill2016' on page 10 undefined on input line 
803.


Package natbib Warning: Citation `Razzaq2018' on page 10 undefined on input lin
e 804.


Package natbib Warning: Citation `Pauleve2020' on page 10 undefined on input li
ne 842.


Package natbib Warning: Citation `Razzaq2018' on page 10 undefined on input lin
e 842.

[10]

Package natbib Warning: Citation `Quimbaya2012' on page 11 undefined on input l
ine 874.


Package natbib Warning: Citation `ClavijoBuritica2023' on page 11 undefined on 
input line 874.


Package natbib Warning: Citation `Hanahan2011' on page 11 undefined on input li
ne 875.


Package natbib Warning: Citation `Hanahan2022' on page 11 undefined on input li
ne 875.


Package natbib Warning: Citation `Yoshiyama2013' on page 11 undefined on input 
line 877.


Package natbib Warning: Citation `DeVeylder2007' on page 11 undefined on input 
line 877.


Package natbib Warning: Citation `Marshall2018' on page 11 undefined on input l
ine 877.


LaTeX Warning: Reference `fig:gim-petri' on page 11 undefined on input line 888
.


LaTeX Warning: Reference `tab:synthetic' on page 11 undefined on input line 930
.


LaTeX Warning: Reference `tab:baseline' on page 11 undefined on input line 947.



LaTeX Warning: Reference `fig:benchmark' on page 11 undefined on input line 948
.

[11]

LaTeX Warning: Reference `tab:public-models' on page 12 undefined on input line
 988.


LaTeX Warning: Reference `tab:public-controls' on page 12 undefined on input li
ne 1010.

[12 <./figures/Fig2a.pdf> <./figures/Fig2b.pdf>]

LaTeX Warning: Reference `tab:hpn-medoids' on page 13 undefined on input line 1
053.

[13 <./figures/Fig3.pdf>]

LaTeX Warning: Reference `fig:hpn-validation' on page 14 undefined on input lin
e 1096.


LaTeX Warning: Reference `fig:hpn-validation' on page 14 undefined on input lin
e 1100.


LaTeX Warning: Reference `fig:scaling' on page 14 undefined on input line 1126.



LaTeX Warning: Reference `tab:case' on page 14 undefined on input line 1148.


LaTeX Warning: Reference `tab:pn-gdda-native' on page 14 undefined on input lin
e 1170.

[14]

LaTeX Warning: Reference `fig:gim-lts' on page 15 undefined on input line 1206.



LaTeX Warning: Reference `fig:rcd-petri' on page 15 undefined on input line 123
1.


LaTeX Warning: Reference `fig:gim-petri' on page 15 undefined on input line 125
4.


LaTeX Warning: Reference `fig:gim-petri' on page 15 undefined on input line 125
4.


LaTeX Warning: Reference `fig:diagnostics' on page 15 undefined on input line 1
265.

[15 <./figures/Fig8.pdf>]

LaTeX Warning: Reference `prop:hierarchy' on page 16 undefined on input line 12
96.


LaTeX Warning: Reference `thm:fixed-point' on page 16 undefined on input line 1
303.


LaTeX Warning: Reference `prop:label-blind' on page 16 undefined on input line 
1312.


LaTeX Warning: Reference `ex:branching' on page 16 undefined on input line 1316
.

[16 <./figures/Fig4.pdf>]

LaTeX Warning: Reference `prop:silent-refinement' on page 17 undefined on input
 line 1342.


Package natbib Warning: Citation `Pauleve2020' on page 17 undefined on input li
ne 1349.


Package natbib Warning: Citation `Razzaq2018' on page 17 undefined on input lin
e 1382.

[17 <./figures/Fig5a.pdf> <./figures/Fig5b.pdf>] [18 <./figures/Fig6a.pdf> <./f
igures/Fig6b.pdf> <./figures/Fig7a.pdf> <./figures/Fig7b.pdf>] [19]
(./references_jmcs.tex
No file main.brf.
[20])

Package natbib Warning: There were undefined citations.

[21] (./main.aux

Package natbib Warning: Citation(s) may have changed.
(natbib)                Rerun to get citations correct.

)

Package rerunfilecheck Warning: File `main.out' has changed.
(rerunfilecheck)                Rerun to get outlines right
(rerunfilecheck)                or use package `bookmark'.


Package rerunfilecheck Warning: File `main.brf' has changed.
(rerunfilecheck)                Rerun to get bibliographical references right.


LaTeX Warning: There were undefined references.


LaTeX Warning: Label(s) may have changed. Rerun to get cross-references right.

 ){/usr/local/texlive/2020/texmf-dist/fonts/enc/dvips/lm/lm-ec.enc}{/usr/local/
texlive/2020/texmf-dist/fonts/enc/dvips/base/8r.enc}</usr/local/texlive/2020/te
xmf-dist/fonts/type1/public/amsfonts/cm/cmex10.pfb></usr/local/texlive/2020/tex
mf-dist/fonts/type1/public/amsfonts/cm/cmr10.pfb></usr/local/texlive/2020/texmf
-dist/fonts/type1/public/amsfonts/cm/cmsy10.pfb></usr/local/texlive/2020/texmf-
dist/fonts/type1/public/amsfonts/cm/cmsy7.pfb></usr/local/texlive/2020/texmf-di
st/fonts/type1/public/amsfonts/euler/euex10.pfb></usr/local/texlive/2020/texmf-
dist/fonts/type1/public/amsfonts/euler/eufm10.pfb></usr/local/texlive/2020/texm
f-dist/fonts/type1/public/amsfonts/euler/eurm10.pfb></usr/local/texlive/2020/te
xmf-dist/fonts/type1/public/amsfonts/euler/eurm7.pfb></usr/local/texlive/2020/t
exmf-dist/fonts/type1/public/amsfonts/euler/eusm10.pfb></usr/local/texlive/2020
/texmf-dist/fonts/type1/public/mathpazo/fplmbb.pfb></usr/local/texlive/2020/tex
mf-dist/fonts/type1/public/lm/lmtt10.pfb></usr/local/texlive/2020/texmf-dist/fo
nts/type1/public/lm/lmtt8.pfb></usr/local/texlive/2020/texmf-dist/fonts/type1/p
ublic/amsfonts/symbols/msam10.pfb></usr/local/texlive/2020/texmf-dist/fonts/typ
e1/public/amsfonts/symbols/msam7.pfb></usr/local/texlive/2020/texmf-dist/fonts/
type1/urw/helvetic/uhvr8a.pfb></usr/local/texlive/2020/texmf-dist/fonts/type1/u
rw/helvetic/uhvro8a.pfb></usr/local/texlive/2020/texmf-dist/fonts/type1/urw/pal
atino/uplb8a.pfb></usr/local/texlive/2020/texmf-dist/fonts/type1/urw/palatino/u
plr8a.pfb></usr/local/texlive/2020/texmf-dist/fonts/type1/urw/palatino/uplri8a.
pfb>
Output written on main.pdf (21 pages, 763095 bytes).
Transcript written on main.log.
Latexmk: Missing input file: 'main.brf' from line
  'No file main.brf.'
Latexmk: References changed.
Latexmk: References changed.
Latexmk: References changed.
Latexmk: References changed.
Latexmk: Log file says output to 'main.pdf'
Latexmk: List of undefined refs and citations:
  Citation `AbouJaoude2009' on page 10 undefined on input line 775
  Citation `BaierKatoen2008' on page 1 undefined on input line 126
  Citation `Benes2023' on page 2 undefined on input line 158
  Citation `Bunte2019' on page 8 undefined on input line 664
  Citation `Chaouiya2013SBML' on page 10 undefined on input line 773
  Citation `ChaouiyaPetriBio2007' on page 2 undefined on input line 152
  Citation `CifuentesFontanals2022' on page 2 undefined on input line 158
  Citation `ClavijoBuritica2023' on page 11 undefined on input line 874
  Citation `DeVeylder2007' on page 11 undefined on input line 877
  Citation `Fisher2007' on page 2 undefined on input line 153
  Citation `Hagberg2008' on page 9 undefined on input line 752
  Citation `Hanahan2011' on page 11 undefined on input line 875
  Citation `Hanahan2022' on page 11 undefined on input line 875
  Citation `Heiner2008' on page 2 undefined on input line 152
  Citation `Hill2016' on page 10 undefined on input line 803
  Citation `Hill2016' on page 2 undefined on input line 160
  Citation `Koch2005' on page 2 undefined on input line 152
  Citation `Marshall2018' on page 11 undefined on input line 877
  Citation `Milner1989' on page 1 undefined on input line 126
  Citation `Milner1989' on page 4 undefined on input line 312
  Citation `Murata1989' on page 1 undefined on input line 123
  Citation `Naldi2018' on page 10 undefined on input line 772
  Citation `Pauleve2020' on page 10 undefined on input line 842
  Citation `Pauleve2020' on page 17 undefined on input line 1349
  Citation `Pauleve2020' on page 2 undefined on input line 156
  Citation `Quimbaya2012' on page 11 undefined on input line 874
  Citation `Radom2017' on page 9 undefined on input line 711
  Citation `Razzaq2018' on page 10 undefined on input line 804
  Citation `Razzaq2018' on page 10 undefined on input line 842
  Citation `Razzaq2018' on page 17 undefined on input line 1382
  Citation `Razzaq2018' on page 2 undefined on input line 160
  Citation `Regev2002' on page 2 undefined on input line 153
  Citation `Sangiorgi2011' on page 1 undefined on input line 126
  Citation `Sangiorgi2011' on page 4 undefined on input line 312
  Citation `Szawulak2022' on page 2 undefined on input line 135
  Citation `Szawulak2022' on page 2 undefined on input line 209
  Citation `Szawulak2022' on page 8 undefined on input line 691
  Citation `Traynard2016' on page 10 undefined on input line 773
  Citation `Yoshiyama2013' on page 11 undefined on input line 877
  Reference `def:bisimulation' on page 5 undefined on input line 426
  Reference `def:bisimulation' on page 6 undefined on input line 455
  Reference `def:classifier' on page 5 undefined on input line 360
  Reference `def:classifier' on page 7 undefined on input line 592
  Reference `def:petri-net' on page 3 undefined on input line 261
  Reference `def:weak-move' on page 6 undefined on input line 441
  Reference `def:weak-simulation' on page 4 undefined on input line 304
  Reference `def:weak-simulation' on page 5 undefined on input line 397
  Reference `def:weak-simulation' on page 5 undefined on input line 426
  Reference `def:weak-traces' on page 4 undefined on input line 335
  Reference `def:weak-traces' on page 6 undefined on input line 441
  Reference `eq:classifier' on page 5 undefined on input line 368
  Reference `eq:classifier' on page 7 undefined on input line 595
  Reference `eq:comparison-map' on page 2 undefined on input line 132
  Reference `eq:pn-gdda' on page 9 undefined on input line 702
  Reference `eq:sim-operator' on page 5 undefined on input line 403
  Reference `eq:sim-operator' on page 5 undefined on input line 424
  Reference `eq:simulation-orientation' on page 4 undefined on input line 313
  Reference `eq:strong-bisim-operator' on page 5 undefined on input line 403
  Reference `eq:strong-bisim-operator' on page 5 undefined on input line 425
  Reference `eq:weak-bisim-operator' on page 5 undefined on input line 424
  Reference `ex:branching' on page 16 undefined on input line 1316
  Reference `ex:branching' on page 6 undefined on input line 465
  Reference `fig:benchmark' on page 11 undefined on input line 948
  Reference `fig:diagnostics' on page 15 undefined on input line 1265
  Reference `fig:gim-lts' on page 15 undefined on input line 1206
  Reference `fig:gim-petri' on page 11 undefined on input line 888
  Reference `fig:gim-petri' on page 15 undefined on input line 1254
  Reference `fig:hpn-validation' on page 14 undefined on input line 1096
  Reference `fig:hpn-validation' on page 14 undefined on input line 1100
  Reference `fig:pipeline' on page 2 undefined on input line 212
  Reference `fig:rcd-petri' on page 15 undefined on input line 1231
  Reference `fig:scaling' on page 14 undefined on input line 1126
  Reference `prop:hierarchy' on page 16 undefined on input line 1296
  Reference `prop:label-blind' on page 16 undefined on input line 1312
  Reference `prop:label-blind' on page 6 undefined on input line 526
  Reference `prop:silent-refinement' on page 17 undefined on input line 1342
  Reference `prop:silent-refinement' on page 6 undefined on input line 464
  Reference `sec:applications' on page 3 undefined on input line 249
  Reference `tab:baseline' on page 11 undefined on input line 947
  Reference `tab:case' on page 14 undefined on input line 1148
  Reference `tab:components' on page 7 undefined on input line 601
  Reference `tab:hpn-medoids' on page 13 undefined on input line 1053
  Reference `tab:novelty' on page 2 undefined on input line 185
  Reference `tab:pn-gdda-native' on page 14 undefined on input line 1170
  Reference `tab:public-controls' on page 12 undefined on input line 1010
  Reference `tab:public-models' on page 12 undefined on input line 988
  Reference `tab:synthetic' on page 11 undefined on input line 930
  Reference `tab:synthetic' on page 7 undefined on input line 638
  Reference `thm:fixed-point' on page 16 undefined on input line 1303
Rule 'pdflatex': File changes, etc:
   Changed files, or newly in use since previous run(s):
      'main.aux'
      'main.brf'
      'main.out'
------------
Run number 2 of rule 'pdflatex'
------------
------------
Running 'pdflatex  -interaction=nonstopmode -halt-on-error -recorder  "main.tex"'
------------
=== TeX engine is 'pdfTeX'
Latexmk: applying rule 'pdflatex'...
This is pdfTeX, Version 3.14159265-2.6-1.40.21 (TeX Live 2020) (preloaded format=pdflatex)
 restricted \write18 enabled.
entering extended mode
(./main.tex
LaTeX2e <2020-02-02> patch level 5
L3 programming layer <2020-03-06> (./resources/ISRP.cls
Document Class: resources/ISRP 2024/08/01, 1: 
(/usr/local/texlive/2020/texmf-dist/tex/latex/base/article.cls
Document Class: article 2019/12/20 v1.4l Standard LaTeX document class
(/usr/local/texlive/2020/texmf-dist/tex/latex/base/size11.clo))
(/usr/local/texlive/2020/texmf-dist/tex/latex/graphics/graphicx.sty
(/usr/local/texlive/2020/texmf-dist/tex/latex/graphics/keyval.sty)
(/usr/local/texlive/2020/texmf-dist/tex/latex/graphics/graphics.sty
(/usr/local/texlive/2020/texmf-dist/tex/latex/graphics/trig.sty)
(/usr/local/texlive/2020/texmf-dist/tex/latex/graphics-cfg/graphics.cfg)
(/usr/local/texlive/2020/texmf-dist/tex/latex/graphics-def/pdftex.def)))
(/usr/local/texlive/2020/texmf-dist/tex/latex/graphics/color.sty
(/usr/local/texlive/2020/texmf-dist/tex/latex/graphics-cfg/color.cfg))
(/usr/local/texlive/2020/texmf-dist/tex/latex/amsmath/amscd.sty
(/usr/local/texlive/2020/texmf-dist/tex/latex/amsmath/amsgen.sty))
(/usr/local/texlive/2020/texmf-dist/tex/latex/amsfonts/amsfonts.sty)
(/usr/local/texlive/2020/texmf-dist/tex/latex/amsfonts/amssymb.sty)
(/usr/local/texlive/2020/texmf-dist/tex/latex/base/inputenc.sty)
(/usr/local/texlive/2020/texmf-dist/tex/latex/base/fontenc.sty)
(/usr/local/texlive/2020/texmf-dist/tex/latex/psnfss/pifont.sty
(/usr/local/texlive/2020/texmf-dist/tex/latex/psnfss/upzd.fd)
(/usr/local/texlive/2020/texmf-dist/tex/latex/psnfss/upsy.fd))
(/usr/local/texlive/2020/texmf-dist/tex/latex/lineno/lineno.sty)
(/usr/local/texlive/2020/texmf-dist/tex/latex/hyperref/hyperref.sty
(/usr/local/texlive/2020/texmf-dist/tex/generic/ltxcmds/ltxcmds.sty)
(/usr/local/texlive/2020/texmf-dist/tex/generic/iftex/iftex.sty)
(/usr/local/texlive/2020/texmf-dist/tex/latex/pdftexcmds/pdftexcmds.sty
(/usr/local/texlive/2020/texmf-dist/tex/generic/infwarerr/infwarerr.sty))
(/usr/local/texlive/2020/texmf-dist/tex/generic/kvsetkeys/kvsetkeys.sty)
(/usr/local/texlive/2020/texmf-dist/tex/generic/kvdefinekeys/kvdefinekeys.sty)
(/usr/local/texlive/2020/texmf-dist/tex/generic/pdfescape/pdfescape.sty)
(/usr/local/texlive/2020/texmf-dist/tex/latex/hycolor/hycolor.sty)
(/usr/local/texlive/2020/texmf-dist/tex/latex/letltxmacro/letltxmacro.sty)
(/usr/local/texlive/2020/texmf-dist/tex/latex/auxhook/auxhook.sty)
(/usr/local/texlive/2020/texmf-dist/tex/latex/kvoptions/kvoptions.sty)
(/usr/local/texlive/2020/texmf-dist/tex/latex/hyperref/pd1enc.def)
(/usr/local/texlive/2020/texmf-dist/tex/generic/intcalc/intcalc.sty)
(/usr/local/texlive/2020/texmf-dist/tex/generic/etexcmds/etexcmds.sty)
(/usr/local/texlive/2020/texmf-dist/tex/latex/hyperref/backref.sty
(/usr/local/texlive/2020/texmf-dist/tex/latex/rerunfilecheck/rerunfilecheck.sty
(/usr/local/texlive/2020/texmf-dist/tex/latex/atveryend/atveryend.sty)
(/usr/local/texlive/2020/texmf-dist/tex/generic/uniquecounter/uniquecounter.sty
(/usr/local/texlive/2020/texmf-dist/tex/generic/bigintcalc/bigintcalc.sty))))
(/usr/local/texlive/2020/texmf-dist/tex/latex/url/url.sty)
(/usr/local/texlive/2020/texmf-dist/tex/generic/bitset/bitset.sty)
(/usr/local/texlive/2020/texmf-dist/tex/generic/atbegshi/atbegshi.sty))
(/usr/local/texlive/2020/texmf-dist/tex/latex/hyperref/hpdftex.def)
(/usr/local/texlive/2020/texmf-dist/tex/latex/lm/lmodern.sty)
(/usr/local/texlive/2020/texmf-dist/tex/latex/psnfss/mathpazo.sty)
(/usr/local/texlive/2020/texmf-dist/tex/latex/psnfss/helvet.sty)
(/usr/local/texlive/2020/texmf-dist/tex/latex/eulervm/eulervm.sty)
(/usr/local/texlive/2020/texmf-dist/tex/latex/footmisc/footmisc.sty)
(/usr/local/texlive/2020/texmf-dist/tex/latex/caption/caption.sty
(/usr/local/texlive/2020/texmf-dist/tex/latex/caption/caption3.sty))
(./main.spl) (/usr/local/texlive/2020/texmf-dist/tex/latex/natbib/natbib.sty)
(/usr/local/texlive/2020/texmf-dist/tex/latex/geometry/geometry.sty
(/usr/local/texlive/2020/texmf-dist/tex/generic/iftex/ifvtex.sty))
(/usr/local/texlive/2020/texmf-dist/tex/latex/base/fleqn.clo))
(/usr/local/texlive/2020/texmf-dist/tex/latex/amsmath/amsmath.sty
For additional information on amsmath, use the `?' option.
(/usr/local/texlive/2020/texmf-dist/tex/latex/amsmath/amstext.sty)
(/usr/local/texlive/2020/texmf-dist/tex/latex/amsmath/amsbsy.sty)
(/usr/local/texlive/2020/texmf-dist/tex/latex/amsmath/amsopn.sty))
(/usr/local/texlive/2020/texmf-dist/tex/latex/amscls/amsthm.sty)
(/usr/local/texlive/2020/texmf-dist/tex/latex/booktabs/booktabs.sty)
(/usr/local/texlive/2020/texmf-dist/tex/latex/tools/array.sty)
(/usr/local/texlive/2020/texmf-dist/tex/latex/tools/tabularx.sty)
(/usr/local/texlive/2020/texmf-dist/tex/latex/xurl/xurl.sty)
(/usr/local/texlive/2020/texmf-dist/tex/latex/l3backend/l3backend-pdfmode.def)
(./main.aux) (/usr/local/texlive/2020/texmf-dist/tex/latex/psnfss/t1pplx.fd)
(/usr/local/texlive/2020/texmf-dist/tex/context/base/mkii/supp-pdf.mkii
[Loading MPS to PDF converter (version 2006.09.02).]
) (/usr/local/texlive/2020/texmf-dist/tex/latex/epstopdf-pkg/epstopdf-base.sty
(/usr/local/texlive/2020/texmf-dist/tex/latex/latexconfig/epstopdf-sys.cfg))
(/usr/local/texlive/2020/texmf-dist/tex/latex/hyperref/nameref.sty
(/usr/local/texlive/2020/texmf-dist/tex/latex/refcount/refcount.sty)
(/usr/local/texlive/2020/texmf-dist/tex/generic/gettitlestring/gettitlestring.s
ty)) (./main.out) (./main.out)
*geometry* driver: auto-detecting
*geometry* detected driver: pdftex
(/usr/local/texlive/2020/texmf-dist/tex/latex/eulervm/uzeur.fd)
(/usr/local/texlive/2020/texmf-dist/tex/latex/eulervm/uzeus.fd)
(/usr/local/texlive/2020/texmf-dist/tex/latex/eulervm/uzeuex.fd)
(/usr/local/texlive/2020/texmf-dist/tex/latex/psnfss/ot1zplm.fd)
(/usr/local/texlive/2020/texmf-dist/tex/latex/psnfss/t1phv.fd

LaTeX Warning: Font shape declaration has incorrect series value `mc'.
               It should not contain an `m'! Please correct it.
               Found on input line 20.


LaTeX Warning: Font shape declaration has incorrect series value `mc'.
               It should not contain an `m'! Please correct it.
               Found on input line 23.


LaTeX Warning: Font shape declaration has incorrect series value `mc'.
               It should not contain an `m'! Please correct it.
               Found on input line 26.


LaTeX Warning: Font shape declaration has incorrect series value `mc'.
               It should not contain an `m'! Please correct it.
               Found on input line 46.

) (/usr/local/texlive/2020/texmf-dist/tex/latex/psnfss/ts1pplx.fd) [1{/usr/loca
l/texlive/2020/texmf-var/fonts/map/pdftex/updmap/pdftex.map} <./resources/jmcs.
jpg>] [2] (/usr/local/texlive/2020/texmf-dist/tex/latex/psnfss/ufplmbb.fd)
[3 <./figures/Fig1.pdf>] [4] [5] [6] [7]
(/usr/local/texlive/2020/texmf-dist/tex/latex/lm/t1lmtt.fd) [8] [9] [10]
[11] [12 <./figures/Fig2a.pdf> <./figures/Fig2b.pdf>] [13 <./figures/Fig3.pdf>]
[14] [15 <./figures/Fig8.pdf>] [16 <./figures/Fig4.pdf>] [17 <./figures/Fig5a.p
df> <./figures/Fig5b.pdf>] [18 <./figures/Fig6a.pdf> <./figures/Fig6b.pdf> <./f
igures/Fig7a.pdf> <./figures/Fig7b.pdf>] [19] (./references_jmcs.tex
(./main.brf) [20]) [21] (./main.aux)

Package rerunfilecheck Warning: File `main.brf' has changed.
(rerunfilecheck)                Rerun to get bibliographical references right.

 ){/usr/local/texlive/2020/texmf-dist/fonts/enc/dvips/lm/lm-ec.enc}{/usr/local/
texlive/2020/texmf-dist/fonts/enc/dvips/base/8r.enc}</usr/local/texlive/2020/te
xmf-dist/fonts/type1/public/amsfonts/cm/cmex10.pfb></usr/local/texlive/2020/tex
mf-dist/fonts/type1/public/amsfonts/cm/cmr10.pfb></usr/local/texlive/2020/texmf
-dist/fonts/type1/public/amsfonts/cm/cmsy10.pfb></usr/local/texlive/2020/texmf-
dist/fonts/type1/public/amsfonts/cm/cmsy7.pfb></usr/local/texlive/2020/texmf-di
st/fonts/type1/public/amsfonts/euler/euex10.pfb></usr/local/texlive/2020/texmf-
dist/fonts/type1/public/amsfonts/euler/eufm10.pfb></usr/local/texlive/2020/texm
f-dist/fonts/type1/public/amsfonts/euler/eurm10.pfb></usr/local/texlive/2020/te
xmf-dist/fonts/type1/public/amsfonts/euler/eurm7.pfb></usr/local/texlive/2020/t
exmf-dist/fonts/type1/public/amsfonts/euler/eusm10.pfb></usr/local/texlive/2020
/texmf-dist/fonts/type1/public/mathpazo/fplmbb.pfb></usr/local/texlive/2020/tex
mf-dist/fonts/type1/public/lm/lmtt10.pfb></usr/local/texlive/2020/texmf-dist/fo
nts/type1/public/lm/lmtt8.pfb></usr/local/texlive/2020/texmf-dist/fonts/type1/p
ublic/amsfonts/symbols/msam10.pfb></usr/local/texlive/2020/texmf-dist/fonts/typ
e1/public/amsfonts/symbols/msam7.pfb></usr/local/texlive/2020/texmf-dist/fonts/
type1/urw/helvetic/uhvr8a.pfb></usr/local/texlive/2020/texmf-dist/fonts/type1/u
rw/helvetic/uhvro8a.pfb></usr/local/texlive/2020/texmf-dist/fonts/type1/urw/pal
atino/uplb8a.pfb></usr/local/texlive/2020/texmf-dist/fonts/type1/urw/palatino/u
plr8a.pfb></usr/local/texlive/2020/texmf-dist/fonts/type1/urw/palatino/uplri8a.
pfb>
Output written on main.pdf (21 pages, 768597 bytes).
Transcript written on main.log.
Latexmk: References changed.
Latexmk: Log file says output to 'main.pdf'
Rule 'pdflatex': File changes, etc:
   Changed files, or newly in use since previous run(s):
      'main.aux'
      'main.brf'
      'main.spl'
------------
Run number 3 of rule 'pdflatex'
------------
------------
Running 'pdflatex  -interaction=nonstopmode -halt-on-error -recorder  "main.tex"'
------------
=== TeX engine is 'pdfTeX'
Latexmk: applying rule 'pdflatex'...
This is pdfTeX, Version 3.14159265-2.6-1.40.21 (TeX Live 2020) (preloaded format=pdflatex)
 restricted \write18 enabled.
entering extended mode
(./main.tex
LaTeX2e <2020-02-02> patch level 5
L3 programming layer <2020-03-06> (./resources/ISRP.cls
Document Class: resources/ISRP 2024/08/01, 1: 
(/usr/local/texlive/2020/texmf-dist/tex/latex/base/article.cls
Document Class: article 2019/12/20 v1.4l Standard LaTeX document class
(/usr/local/texlive/2020/texmf-dist/tex/latex/base/size11.clo))
(/usr/local/texlive/2020/texmf-dist/tex/latex/graphics/graphicx.sty
(/usr/local/texlive/2020/texmf-dist/tex/latex/graphics/keyval.sty)
(/usr/local/texlive/2020/texmf-dist/tex/latex/graphics/graphics.sty
(/usr/local/texlive/2020/texmf-dist/tex/latex/graphics/trig.sty)
(/usr/local/texlive/2020/texmf-dist/tex/latex/graphics-cfg/graphics.cfg)
(/usr/local/texlive/2020/texmf-dist/tex/latex/graphics-def/pdftex.def)))
(/usr/local/texlive/2020/texmf-dist/tex/latex/graphics/color.sty
(/usr/local/texlive/2020/texmf-dist/tex/latex/graphics-cfg/color.cfg))
(/usr/local/texlive/2020/texmf-dist/tex/latex/amsmath/amscd.sty
(/usr/local/texlive/2020/texmf-dist/tex/latex/amsmath/amsgen.sty))
(/usr/local/texlive/2020/texmf-dist/tex/latex/amsfonts/amsfonts.sty)
(/usr/local/texlive/2020/texmf-dist/tex/latex/amsfonts/amssymb.sty)
(/usr/local/texlive/2020/texmf-dist/tex/latex/base/inputenc.sty)
(/usr/local/texlive/2020/texmf-dist/tex/latex/base/fontenc.sty)
(/usr/local/texlive/2020/texmf-dist/tex/latex/psnfss/pifont.sty
(/usr/local/texlive/2020/texmf-dist/tex/latex/psnfss/upzd.fd)
(/usr/local/texlive/2020/texmf-dist/tex/latex/psnfss/upsy.fd))
(/usr/local/texlive/2020/texmf-dist/tex/latex/lineno/lineno.sty)
(/usr/local/texlive/2020/texmf-dist/tex/latex/hyperref/hyperref.sty
(/usr/local/texlive/2020/texmf-dist/tex/generic/ltxcmds/ltxcmds.sty)
(/usr/local/texlive/2020/texmf-dist/tex/generic/iftex/iftex.sty)
(/usr/local/texlive/2020/texmf-dist/tex/latex/pdftexcmds/pdftexcmds.sty
(/usr/local/texlive/2020/texmf-dist/tex/generic/infwarerr/infwarerr.sty))
(/usr/local/texlive/2020/texmf-dist/tex/generic/kvsetkeys/kvsetkeys.sty)
(/usr/local/texlive/2020/texmf-dist/tex/generic/kvdefinekeys/kvdefinekeys.sty)
(/usr/local/texlive/2020/texmf-dist/tex/generic/pdfescape/pdfescape.sty)
(/usr/local/texlive/2020/texmf-dist/tex/latex/hycolor/hycolor.sty)
(/usr/local/texlive/2020/texmf-dist/tex/latex/letltxmacro/letltxmacro.sty)
(/usr/local/texlive/2020/texmf-dist/tex/latex/auxhook/auxhook.sty)
(/usr/local/texlive/2020/texmf-dist/tex/latex/kvoptions/kvoptions.sty)
(/usr/local/texlive/2020/texmf-dist/tex/latex/hyperref/pd1enc.def)
(/usr/local/texlive/2020/texmf-dist/tex/generic/intcalc/intcalc.sty)
(/usr/local/texlive/2020/texmf-dist/tex/generic/etexcmds/etexcmds.sty)
(/usr/local/texlive/2020/texmf-dist/tex/latex/hyperref/backref.sty
(/usr/local/texlive/2020/texmf-dist/tex/latex/rerunfilecheck/rerunfilecheck.sty
(/usr/local/texlive/2020/texmf-dist/tex/latex/atveryend/atveryend.sty)
(/usr/local/texlive/2020/texmf-dist/tex/generic/uniquecounter/uniquecounter.sty
(/usr/local/texlive/2020/texmf-dist/tex/generic/bigintcalc/bigintcalc.sty))))
(/usr/local/texlive/2020/texmf-dist/tex/latex/url/url.sty)
(/usr/local/texlive/2020/texmf-dist/tex/generic/bitset/bitset.sty)
(/usr/local/texlive/2020/texmf-dist/tex/generic/atbegshi/atbegshi.sty))
(/usr/local/texlive/2020/texmf-dist/tex/latex/hyperref/hpdftex.def)
(/usr/local/texlive/2020/texmf-dist/tex/latex/lm/lmodern.sty)
(/usr/local/texlive/2020/texmf-dist/tex/latex/psnfss/mathpazo.sty)
(/usr/local/texlive/2020/texmf-dist/tex/latex/psnfss/helvet.sty)
(/usr/local/texlive/2020/texmf-dist/tex/latex/eulervm/eulervm.sty)
(/usr/local/texlive/2020/texmf-dist/tex/latex/footmisc/footmisc.sty)
(/usr/local/texlive/2020/texmf-dist/tex/latex/caption/caption.sty
(/usr/local/texlive/2020/texmf-dist/tex/latex/caption/caption3.sty))
(./main.spl) (/usr/local/texlive/2020/texmf-dist/tex/latex/natbib/natbib.sty)
(/usr/local/texlive/2020/texmf-dist/tex/latex/geometry/geometry.sty
(/usr/local/texlive/2020/texmf-dist/tex/generic/iftex/ifvtex.sty))
(/usr/local/texlive/2020/texmf-dist/tex/latex/base/fleqn.clo))
(/usr/local/texlive/2020/texmf-dist/tex/latex/amsmath/amsmath.sty
For additional information on amsmath, use the `?' option.
(/usr/local/texlive/2020/texmf-dist/tex/latex/amsmath/amstext.sty)
(/usr/local/texlive/2020/texmf-dist/tex/latex/amsmath/amsbsy.sty)
(/usr/local/texlive/2020/texmf-dist/tex/latex/amsmath/amsopn.sty))
(/usr/local/texlive/2020/texmf-dist/tex/latex/amscls/amsthm.sty)
(/usr/local/texlive/2020/texmf-dist/tex/latex/booktabs/booktabs.sty)
(/usr/local/texlive/2020/texmf-dist/tex/latex/tools/array.sty)
(/usr/local/texlive/2020/texmf-dist/tex/latex/tools/tabularx.sty)
(/usr/local/texlive/2020/texmf-dist/tex/latex/xurl/xurl.sty)
(/usr/local/texlive/2020/texmf-dist/tex/latex/l3backend/l3backend-pdfmode.def)
(./main.aux) (/usr/local/texlive/2020/texmf-dist/tex/latex/psnfss/t1pplx.fd)
(/usr/local/texlive/2020/texmf-dist/tex/context/base/mkii/supp-pdf.mkii
[Loading MPS to PDF converter (version 2006.09.02).]
) (/usr/local/texlive/2020/texmf-dist/tex/latex/epstopdf-pkg/epstopdf-base.sty
(/usr/local/texlive/2020/texmf-dist/tex/latex/latexconfig/epstopdf-sys.cfg))
(/usr/local/texlive/2020/texmf-dist/tex/latex/hyperref/nameref.sty
(/usr/local/texlive/2020/texmf-dist/tex/latex/refcount/refcount.sty)
(/usr/local/texlive/2020/texmf-dist/tex/generic/gettitlestring/gettitlestring.s
ty)) (./main.out) (./main.out)
*geometry* driver: auto-detecting
*geometry* detected driver: pdftex
(/usr/local/texlive/2020/texmf-dist/tex/latex/eulervm/uzeur.fd)
(/usr/local/texlive/2020/texmf-dist/tex/latex/eulervm/uzeus.fd)
(/usr/local/texlive/2020/texmf-dist/tex/latex/eulervm/uzeuex.fd)
(/usr/local/texlive/2020/texmf-dist/tex/latex/psnfss/ot1zplm.fd)
(/usr/local/texlive/2020/texmf-dist/tex/latex/psnfss/t1phv.fd

LaTeX Warning: Font shape declaration has incorrect series value `mc'.
               It should not contain an `m'! Please correct it.
               Found on input line 20.


LaTeX Warning: Font shape declaration has incorrect series value `mc'.
               It should not contain an `m'! Please correct it.
               Found on input line 23.


LaTeX Warning: Font shape declaration has incorrect series value `mc'.
               It should not contain an `m'! Please correct it.
               Found on input line 26.


LaTeX Warning: Font shape declaration has incorrect series value `mc'.
               It should not contain an `m'! Please correct it.
               Found on input line 46.

) (/usr/local/texlive/2020/texmf-dist/tex/latex/psnfss/ts1pplx.fd) [1{/usr/loca
l/texlive/2020/texmf-var/fonts/map/pdftex/updmap/pdftex.map} <./resources/jmcs.
jpg>] [2] (/usr/local/texlive/2020/texmf-dist/tex/latex/psnfss/ufplmbb.fd)
[3 <./figures/Fig1.pdf>] [4] [5] [6] [7]
(/usr/local/texlive/2020/texmf-dist/tex/latex/lm/t1lmtt.fd) [8] [9] [10]
[11] [12 <./figures/Fig2a.pdf> <./figures/Fig2b.pdf>] [13 <./figures/Fig3.pdf>]
[14] [15 <./figures/Fig8.pdf>] [16 <./figures/Fig4.pdf>] [17 <./figures/Fig5a.p
df> <./figures/Fig5b.pdf>] [18 <./figures/Fig6a.pdf> <./figures/Fig6b.pdf> <./f
igures/Fig7a.pdf> <./figures/Fig7b.pdf>] [19] (./references_jmcs.tex
(./main.brf) [20]) [21] (./main.aux) ){/usr/local/texlive/2020/texmf-dist/fonts
/enc/dvips/lm/lm-ec.enc}{/usr/local/texlive/2020/texmf-dist/fonts/enc/dvips/bas
e/8r.enc}</usr/local/texlive/2020/texmf-dist/fonts/type1/public/amsfonts/cm/cme
x10.pfb></usr/local/texlive/2020/texmf-dist/fonts/type1/public/amsfonts/cm/cmr1
0.pfb></usr/local/texlive/2020/texmf-dist/fonts/type1/public/amsfonts/cm/cmsy10
.pfb></usr/local/texlive/2020/texmf-dist/fonts/type1/public/amsfonts/cm/cmsy7.p
fb></usr/local/texlive/2020/texmf-dist/fonts/type1/public/amsfonts/euler/euex10
.pfb></usr/local/texlive/2020/texmf-dist/fonts/type1/public/amsfonts/euler/eufm
10.pfb></usr/local/texlive/2020/texmf-dist/fonts/type1/public/amsfonts/euler/eu
rm10.pfb></usr/local/texlive/2020/texmf-dist/fonts/type1/public/amsfonts/euler/
eurm7.pfb></usr/local/texlive/2020/texmf-dist/fonts/type1/public/amsfonts/euler
/eusm10.pfb></usr/local/texlive/2020/texmf-dist/fonts/type1/public/mathpazo/fpl
mbb.pfb></usr/local/texlive/2020/texmf-dist/fonts/type1/public/lm/lmtt10.pfb></
usr/local/texlive/2020/texmf-dist/fonts/type1/public/lm/lmtt8.pfb></usr/local/t
exlive/2020/texmf-dist/fonts/type1/public/amsfonts/symbols/msam10.pfb></usr/loc
al/texlive/2020/texmf-dist/fonts/type1/public/amsfonts/symbols/msam7.pfb></usr/
local/texlive/2020/texmf-dist/fonts/type1/urw/helvetic/uhvr8a.pfb></usr/local/t
exlive/2020/texmf-dist/fonts/type1/urw/helvetic/uhvro8a.pfb></usr/local/texlive
/2020/texmf-dist/fonts/type1/urw/palatino/uplb8a.pfb></usr/local/texlive/2020/t
exmf-dist/fonts/type1/urw/palatino/uplr8a.pfb></usr/local/texlive/2020/texmf-di
st/fonts/type1/urw/palatino/uplri8a.pfb>
Output written on main.pdf (21 pages, 769753 bytes).
Transcript written on main.log.
Latexmk: Log file says output to 'main.pdf'
=== TeX engine is 'pdfTeX'
Latexmk: All targets () are up-to-date
