cd paper/jmcs && latexmk -pdf -interaction=nonstopmode -halt-on-error main.tex
Latexmk: This is Latexmk, John Collins, 26 Dec. 2019, version: 4.67.
Rule 'pdflatex': File changes, etc:
   Changed files, or newly in use since previous run(s):
      '../../figs/Fig1.pdf'
      '../../figs/Fig2a.pdf'
      '../../figs/Fig2b.pdf'
      '../../figs/Fig3.pdf'
      '../../figs/Fig4.pdf'
      '../../figs/Fig5a.pdf'
      '../../figs/Fig5b.pdf'
      '../../figs/Fig6a.pdf'
      '../../figs/Fig6b.pdf'
      '../../figs/Fig7a.pdf'
      '../../figs/Fig7b.pdf'
      '../../figs/Fig8.pdf'
      'main.tex'
------------
Run number 1 of rule 'pdflatex'
------------
------------
Running 'pdflatex  -interaction=nonstopmode -halt-on-error -recorder  "main.tex"'
------------
Latexmk: applying rule 'pdflatex'...
This is pdfTeX, Version 3.14159265-2.6-1.40.21 (TeX Live 2020) (preloaded format=pdflatex)
 restricted \write18 enabled.
entering extended mode
(./main.tex
LaTeX2e <2020-02-02> patch level 5
L3 programming layer <2020-03-06> (./resources/ISRP.cls
Document Class: resources/ISRP 2024/08/01, 1: 
(/usr/local/texlive/2020/texmf-dist/tex/latex/base/article.cls
Document Class: article 2019/12/20 v1.4l Standard LaTeX document class
(/usr/local/texlive/2020/texmf-dist/tex/latex/base/size11.clo))
(/usr/local/texlive/2020/texmf-dist/tex/latex/graphics/graphicx.sty
(/usr/local/texlive/2020/texmf-dist/tex/latex/graphics/keyval.sty)
(/usr/local/texlive/2020/texmf-dist/tex/latex/graphics/graphics.sty
(/usr/local/texlive/2020/texmf-dist/tex/latex/graphics/trig.sty)
(/usr/local/texlive/2020/texmf-dist/tex/latex/graphics-cfg/graphics.cfg)
(/usr/local/texlive/2020/texmf-dist/tex/latex/graphics-def/pdftex.def)))
(/usr/local/texlive/2020/texmf-dist/tex/latex/graphics/color.sty
(/usr/local/texlive/2020/texmf-dist/tex/latex/graphics-cfg/color.cfg))
(/usr/local/texlive/2020/texmf-dist/tex/latex/amsmath/amscd.sty
(/usr/local/texlive/2020/texmf-dist/tex/latex/amsmath/amsgen.sty))
(/usr/local/texlive/2020/texmf-dist/tex/latex/amsfonts/amsfonts.sty)
(/usr/local/texlive/2020/texmf-dist/tex/latex/amsfonts/amssymb.sty)
(/usr/local/texlive/2020/texmf-dist/tex/latex/base/inputenc.sty)
(/usr/local/texlive/2020/texmf-dist/tex/latex/base/fontenc.sty)
(/usr/local/texlive/2020/texmf-dist/tex/latex/psnfss/pifont.sty
(/usr/local/texlive/2020/texmf-dist/tex/latex/psnfss/upzd.fd)
(/usr/local/texlive/2020/texmf-dist/tex/latex/psnfss/upsy.fd))
(/usr/local/texlive/2020/texmf-dist/tex/latex/lineno/lineno.sty)
(/usr/local/texlive/2020/texmf-dist/tex/latex/hyperref/hyperref.sty
(/usr/local/texlive/2020/texmf-dist/tex/generic/ltxcmds/ltxcmds.sty)
(/usr/local/texlive/2020/texmf-dist/tex/generic/iftex/iftex.sty)
(/usr/local/texlive/2020/texmf-dist/tex/latex/pdftexcmds/pdftexcmds.sty
(/usr/local/texlive/2020/texmf-dist/tex/generic/infwarerr/infwarerr.sty))
(/usr/local/texlive/2020/texmf-dist/tex/generic/kvsetkeys/kvsetkeys.sty)
(/usr/local/texlive/2020/texmf-dist/tex/generic/kvdefinekeys/kvdefinekeys.sty)
(/usr/local/texlive/2020/texmf-dist/tex/generic/pdfescape/pdfescape.sty)
(/usr/local/texlive/2020/texmf-dist/tex/latex/hycolor/hycolor.sty)
(/usr/local/texlive/2020/texmf-dist/tex/latex/letltxmacro/letltxmacro.sty)
(/usr/local/texlive/2020/texmf-dist/tex/latex/auxhook/auxhook.sty)
(/usr/local/texlive/2020/texmf-dist/tex/latex/kvoptions/kvoptions.sty)
(/usr/local/texlive/2020/texmf-dist/tex/latex/hyperref/pd1enc.def)
(/usr/local/texlive/2020/texmf-dist/tex/generic/intcalc/intcalc.sty)
(/usr/local/texlive/2020/texmf-dist/tex/generic/etexcmds/etexcmds.sty)
(/usr/local/texlive/2020/texmf-dist/tex/latex/hyperref/backref.sty
(/usr/local/texlive/2020/texmf-dist/tex/latex/rerunfilecheck/rerunfilecheck.sty
(/usr/local/texlive/2020/texmf-dist/tex/latex/atveryend/atveryend.sty)
(/usr/local/texlive/2020/texmf-dist/tex/generic/uniquecounter/uniquecounter.sty
(/usr/local/texlive/2020/texmf-dist/tex/generic/bigintcalc/bigintcalc.sty))))
(/usr/local/texlive/2020/texmf-dist/tex/latex/url/url.sty)
(/usr/local/texlive/2020/texmf-dist/tex/generic/bitset/bitset.sty)
(/usr/local/texlive/2020/texmf-dist/tex/generic/atbegshi/atbegshi.sty))
(/usr/local/texlive/2020/texmf-dist/tex/latex/hyperref/hpdftex.def)
(/usr/local/texlive/2020/texmf-dist/tex/latex/lm/lmodern.sty)
(/usr/local/texlive/2020/texmf-dist/tex/latex/psnfss/mathpazo.sty)
(/usr/local/texlive/2020/texmf-dist/tex/latex/psnfss/helvet.sty)
(/usr/local/texlive/2020/texmf-dist/tex/latex/eulervm/eulervm.sty)
(/usr/local/texlive/2020/texmf-dist/tex/latex/footmisc/footmisc.sty)
(/usr/local/texlive/2020/texmf-dist/tex/latex/caption/caption.sty
(/usr/local/texlive/2020/texmf-dist/tex/latex/caption/caption3.sty))
(./main.spl) (/usr/local/texlive/2020/texmf-dist/tex/latex/natbib/natbib.sty)
(/usr/local/texlive/2020/texmf-dist/tex/latex/geometry/geometry.sty
(/usr/local/texlive/2020/texmf-dist/tex/generic/iftex/ifvtex.sty))
(/usr/local/texlive/2020/texmf-dist/tex/latex/base/fleqn.clo))
(/usr/local/texlive/2020/texmf-dist/tex/latex/amsmath/amsmath.sty
For additional information on amsmath, use the `?' option.
(/usr/local/texlive/2020/texmf-dist/tex/latex/amsmath/amstext.sty)
(/usr/local/texlive/2020/texmf-dist/tex/latex/amsmath/amsbsy.sty)
(/usr/local/texlive/2020/texmf-dist/tex/latex/amsmath/amsopn.sty))
(/usr/local/texlive/2020/texmf-dist/tex/latex/amscls/amsthm.sty)
(/usr/local/texlive/2020/texmf-dist/tex/latex/booktabs/booktabs.sty)
(/usr/local/texlive/2020/texmf-dist/tex/latex/tools/array.sty)
(/usr/local/texlive/2020/texmf-dist/tex/latex/tools/tabularx.sty)
(/usr/local/texlive/2020/texmf-dist/tex/latex/xurl/xurl.sty)
(/usr/local/texlive/2020/texmf-dist/tex/latex/l3backend/l3backend-pdfmode.def)
(./main.aux) (/usr/local/texlive/2020/texmf-dist/tex/latex/psnfss/t1pplx.fd)
(/usr/local/texlive/2020/texmf-dist/tex/context/base/mkii/supp-pdf.mkii
[Loading MPS to PDF converter (version 2006.09.02).]
) (/usr/local/texlive/2020/texmf-dist/tex/latex/epstopdf-pkg/epstopdf-base.sty
(/usr/local/texlive/2020/texmf-dist/tex/latex/latexconfig/epstopdf-sys.cfg))
(/usr/local/texlive/2020/texmf-dist/tex/latex/hyperref/nameref.sty
(/usr/local/texlive/2020/texmf-dist/tex/latex/refcount/refcount.sty)
(/usr/local/texlive/2020/texmf-dist/tex/generic/gettitlestring/gettitlestring.s
ty)) (./main.out) (./main.out)
*geometry* driver: auto-detecting
*geometry* detected driver: pdftex
(/usr/local/texlive/2020/texmf-dist/tex/latex/eulervm/uzeur.fd)
(/usr/local/texlive/2020/texmf-dist/tex/latex/eulervm/uzeus.fd)
(/usr/local/texlive/2020/texmf-dist/tex/latex/eulervm/uzeuex.fd)
(/usr/local/texlive/2020/texmf-dist/tex/latex/psnfss/ot1zplm.fd)
(/usr/local/texlive/2020/texmf-dist/tex/latex/psnfss/t1phv.fd

LaTeX Warning: Font shape declaration has incorrect series value `mc'.
               It should not contain an `m'! Please correct it.
               Found on input line 20.


LaTeX Warning: Font shape declaration has incorrect series value `mc'.
               It should not contain an `m'! Please correct it.
               Found on input line 23.


LaTeX Warning: Font shape declaration has incorrect series value `mc'.
               It should not contain an `m'! Please correct it.
               Found on input line 26.


LaTeX Warning: Font shape declaration has incorrect series value `mc'.
               It should not contain an `m'! Please correct it.
               Found on input line 46.

) (/usr/local/texlive/2020/texmf-dist/tex/latex/psnfss/ts1pplx.fd) [1{/usr/loca
l/texlive/2020/texmf-var/fonts/map/pdftex/updmap/pdftex.map} <./resources/jmcs.
jpg>] [2] (/usr/local/texlive/2020/texmf-dist/tex/latex/psnfss/ufplmbb.fd)
[3 <../../figs/Fig1.pdf>] [4] [5] [6] [7]
(/usr/local/texlive/2020/texmf-dist/tex/latex/lm/t1lmtt.fd) [8] [9] [10]
[11] [12 <../../figs/Fig2a.pdf> <../../figs/Fig2b.pdf>] [13 <../../figs/Fig3.pd
f>] [14] [15 <../../figs/Fig8.pdf>] [16 <../../figs/Fig4.pdf>] [17 <../../figs/
Fig5a.pdf> <../../figs/Fig5b.pdf>] [18 <../../figs/Fig6a.pdf> <../../figs/Fig6b
.pdf> <../../figs/Fig7a.pdf> <../../figs/Fig7b.pdf>] [19]
(./references_jmcs.tex (./main.brf) [20]) [21] (./main.aux) ){/usr/local/texliv
e/2020/texmf-dist/fonts/enc/dvips/lm/lm-ec.enc}{/usr/local/texlive/2020/texmf-d
ist/fonts/enc/dvips/base/8r.enc}</usr/local/texlive/2020/texmf-dist/fonts/type1
/public/amsfonts/cm/cmex10.pfb></usr/local/texlive/2020/texmf-dist/fonts/type1/
public/amsfonts/cm/cmr10.pfb></usr/local/texlive/2020/texmf-dist/fonts/type1/pu
blic/amsfonts/cm/cmsy10.pfb></usr/local/texlive/2020/texmf-dist/fonts/type1/pub
lic/amsfonts/cm/cmsy7.pfb></usr/local/texlive/2020/texmf-dist/fonts/type1/publi
c/amsfonts/euler/euex10.pfb></usr/local/texlive/2020/texmf-dist/fonts/type1/pub
lic/amsfonts/euler/eufm10.pfb></usr/local/texlive/2020/texmf-dist/fonts/type1/p
ublic/amsfonts/euler/eurm10.pfb></usr/local/texlive/2020/texmf-dist/fonts/type1
/public/amsfonts/euler/eurm7.pfb></usr/local/texlive/2020/texmf-dist/fonts/type
1/public/amsfonts/euler/eusm10.pfb></usr/local/texlive/2020/texmf-dist/fonts/ty
pe1/public/mathpazo/fplmbb.pfb></usr/local/texlive/2020/texmf-dist/fonts/type1/
public/lm/lmtt10.pfb></usr/local/texlive/2020/texmf-dist/fonts/type1/public/lm/
lmtt8.pfb></usr/local/texlive/2020/texmf-dist/fonts/type1/public/amsfonts/symbo
ls/msam10.pfb></usr/local/texlive/2020/texmf-dist/fonts/type1/public/amsfonts/s
ymbols/msam7.pfb></usr/local/texlive/2020/texmf-dist/fonts/type1/urw/helvetic/u
hvr8a.pfb></usr/local/texlive/2020/texmf-dist/fonts/type1/urw/helvetic/uhvro8a.
pfb></usr/local/texlive/2020/texmf-dist/fonts/type1/urw/palatino/uplb8a.pfb></u
sr/local/texlive/2020/texmf-dist/fonts/type1/urw/palatino/uplr8a.pfb></usr/loca
l/texlive/2020/texmf-dist/fonts/type1/urw/palatino/uplri8a.pfb>
Output written on main.pdf (21 pages, 769761 bytes).
Transcript written on main.log.
Latexmk: Log file says output to 'main.pdf'
=== TeX engine is 'pdfTeX'
Latexmk: All targets () are up-to-date
