python -m unittest discover -s tests -v
test_aut_export_has_consistent_header (test_external_validation.PublicModelValidationTests.test_aut_export_has_consistent_header) ... ok
test_declared_public_files_are_unchanged (test_external_validation.PublicModelValidationTests.test_declared_public_files_are_unchanged) ... ok
test_mcrl2_agrees_with_python_and_expected_relations (test_external_validation.PublicModelValidationTests.test_mcrl2_agrees_with_python_and_expected_relations) ... ok
test_public_controls_recover_predeclared_python_relations (test_external_validation.PublicModelValidationTests.test_public_controls_recover_predeclared_python_relations) ... ok
test_public_models_generate_nontrivial_reachable_systems (test_external_validation.PublicModelValidationTests.test_public_models_generate_nontrivial_reachable_systems) ... ok
test_synchronous_semantic_stress_is_deterministic (test_external_validation.PublicModelValidationTests.test_synchronous_semantic_stress_is_deterministic) ... ok
test_benchmark_table_is_deterministic (test_formal_properties.FormalPropertyTests.test_benchmark_table_is_deterministic) ... ok
test_classifier_returns_one_exclusive_priority_class (test_formal_properties.FormalPropertyTests.test_classifier_returns_one_exclusive_priority_class) ... ok
test_controlled_silent_refinement_is_weak_but_not_strong (test_formal_properties.FormalPropertyTests.test_controlled_silent_refinement_is_weak_but_not_strong) ... ok
test_equal_exact_traces_do_not_hide_branching_direction (test_formal_properties.FormalPropertyTests.test_equal_exact_traces_do_not_hide_branching_direction) ... ok
test_label_renaming_preserves_unlabelled_topology_not_behaviour (test_formal_properties.FormalPropertyTests.test_label_renaming_preserves_unlabelled_topology_not_behaviour) ... ok
test_simulation_orientation_is_reference_contained_in_candidate (test_formal_properties.FormalPropertyTests.test_simulation_orientation_is_reference_contained_in_candidate) ... ok
test_strong_bisimilarity_implies_weak_and_mutual_simulation (test_formal_properties.FormalPropertyTests.test_strong_bisimilarity_implies_weak_and_mutual_simulation) ... ok
test_artifacts_match_pinned_public_commit (test_hpn_dream_validation.HpnDreamValidationTests.test_artifacts_match_pinned_public_commit) ... ok
test_data_conditioned_lts_is_finite_and_deterministic (test_hpn_dream_validation.HpnDreamValidationTests.test_data_conditioned_lts_is_finite_and_deterministic) ... ok
test_exact_concordance_null_has_216_stratified_permutations (test_hpn_dream_validation.HpnDreamValidationTests.test_exact_concordance_null_has_216_stratified_permutations) ... ok
test_mcrl2_agrees_on_all_data_conditioned_decisions (test_hpn_dream_validation.HpnDreamValidationTests.test_mcrl2_agrees_on_all_data_conditioned_decisions) ... ok
test_medoid_selection_cannot_read_heldout_test (test_hpn_dream_validation.HpnDreamValidationTests.test_medoid_selection_cannot_read_heldout_test) ... ok
test_predeclared_conditions_and_interface_exist_in_all_tests (test_hpn_dream_validation.HpnDreamValidationTests.test_predeclared_conditions_and_interface_exist_in_all_tests) ... ok
test_structure_only_medoid_selection_is_stable (test_hpn_dream_validation.HpnDreamValidationTests.test_structure_only_medoid_selection_is_stable) ... ok
test_synchronous_stress_preserves_seven_of_nine_classes (test_hpn_dream_validation.HpnDreamValidationTests.test_synchronous_stress_preserves_seven_of_nine_classes) ... ok
test_baselines_expose_expected_failure_modes (test_method_benchmark.SyntheticBenchmarkTests.test_baselines_expose_expected_failure_modes) ... ok
test_case_study_regression (test_method_benchmark.SyntheticBenchmarkTests.test_case_study_regression) ... ok
test_graphlet_baseline_improves_on_the_summary_profile (test_method_benchmark.SyntheticBenchmarkTests.test_graphlet_baseline_improves_on_the_summary_profile) ... ok
test_predeclared_relations_are_recovered (test_method_benchmark.SyntheticBenchmarkTests.test_predeclared_relations_are_recovered) ... ok
test_scalability_metadata_is_deterministic (test_method_benchmark.SyntheticBenchmarkTests.test_scalability_metadata_is_deterministic) ... ok
test_automorphism_sensitivity_catalog_has_576_orbits (test_pn_gdda.PNGDDATests.test_automorphism_sensitivity_catalog_has_576_orbits) ... ok
test_direct_baseline_exposes_topology_only_false_positives (test_pn_gdda.PNGDDATests.test_direct_baseline_exposes_topology_only_false_positives) ... ok
test_independent_score_matches_holmes_reference (test_pn_gdda.PNGDDATests.test_independent_score_matches_holmes_reference) ... ok
test_native_module_sensitivity_does_not_change_threshold_decisions (test_pn_gdda.PNGDDATests.test_native_module_sensitivity_does_not_change_threshold_decisions) ... ok
test_published_catalog_has_151_graphlets_and_592_slots (test_pn_gdda.PNGDDATests.test_published_catalog_has_151_graphlets_and_592_slots) ... ok
test_all_one_and_two_state_lts_pairs_agree (test_simulation_oracle.SimulationOracleTests.test_all_one_and_two_state_lts_pairs_agree) ... ok

----------------------------------------------------------------------
Ran 32 tests in 34.693s

OK
python scripts/fetch_public_models.py
Verified existing Traynard_Boolean_MamCC_Apr2016.sbml
Verified existing p53Mdm2_tutorial_5march2018.zginml
python scripts/fetch_hpn_dream.py
verified data/hpn_dream/merged_pkn.sif
verified data/hpn_dream/BT20_family.csv
verified data/hpn_dream/BT549_family.csv
verified data/hpn_dream/MCF7_family.csv
verified data/hpn_dream/BT20_learning.csv
verified data/hpn_dream/BT549_learning.csv
verified data/hpn_dream/MCF7_learning.csv
verified data/hpn_dream/BT20_test.csv
verified data/hpn_dream/BT549_test.csv
verified data/hpn_dream/MCF7_test.csv
python make_figures.py
/opt/anaconda3/lib/python3.11/site-packages/pandas/core/computation/expressions.py:22: UserWarning: Pandas requires version '2.10.2' or newer of 'numexpr' (version '2.10.1' currently installed).
  from pandas.core.computation.check import NUMEXPR_INSTALLED
>> Independent method benchmark
>> mCRL2 and public-model validation
>> Blind HPN-DREAM held-out validation
>> Scalability benchmark
>> Phase 1: hallmarks
>> Phase 2: conservation
>> Pipeline
>> Phase 4: Petri nets (GIM & RCD)
>> Phase 5: LTS (GIM)
>> Phase 6: comparisons
>> Robustness + null baseline
>> k-convergence
>> Provenance tables
>> Reviewer objection matrix
>> Cross-organism generalisation
>> NetMAHIB vector artwork

== Comparability summary ==
module  strong_bisimilar  weak_bisimilar  plant_simulated_by_animal  animal_simulated_by_plant  distance                                           verdict
   GIM             False            True                       True                       True  0.000000                    Comparable (weak bisimulation)
   DCE             False            True                       True                       True  0.000000                    Comparable (weak bisimulation)
   SPS             False            True                       True                       True  0.000000                    Comparable (weak bisimulation)
   RCD             False           False                       True                      False  0.142857 Partial: sub-mechanism simulated (plant ⊑ animal)
   AID             False           False                      False                      False  0.428571                                    Not comparable

== Null baseline ==
module  observed_distance  null_mean  null_sd  p_value  q_value_bh
   GIM           0.000000   0.767636 0.177401 0.005997    0.029985
   DCE           0.000000   0.773578 0.223271 0.021989    0.036648
   SPS           0.000000   0.820020 0.165595 0.013493    0.033733
   RCD           0.142857   0.789123 0.192527 0.031984    0.039980
   AID           0.428571   0.750438 0.174316 0.153923    0.153923

== Cross-organism generalisation (cell cycle vs Human) ==
         organism  strong_bisimilar  weak_bisimilar  distance                                  verdict
            Mouse              True            True  0.000000 Comparable (strong: near-identical core)
            Yeast             False            True  0.000000           Comparable (weak bisimulation)
      Arabidopsis             False            True  0.000000           Comparable (weak bisimulation)
Scrambled-control             False           False  0.923077                           Not comparable

== Synthetic benchmark ==
                      case                   expected_class                     formal_class  formal_match
                  identity               strong equivalence               strong equivalence          True
         silent refinement                 weak equivalence                 weak equivalence          True
            label mismatch                   not comparable                   not comparable          True
          label order swap                   not comparable                   not comparable          True
              added branch reference simulated by candidate reference simulated by candidate          True
trace-equivalent branching candidate simulated by reference candidate simulated by reference          True

== Baseline accuracy ==
                    method  accuracy  false_positive  false_negative
         weak bisimulation  1.000000               0               0
      trace equality (k=8)  0.833333               1               0
       PN-GDDA-592 (>=0.9)  0.333333               4               0
           LTS-GDA (>=0.9)  0.666667               1               1
structural profile (>=0.9)  0.500000               2               1

== Public models ==
               model  variables  reachable_states  reachable_edges
mammalian_cell_cycle         13               826             3413
            p53_mdm2          4                17               26

== Independent-oracle agreement ==
Synthetic strong/weak decisions: 12 / 12
Public controls fully matching expectations: 6 / 6
Exhaustive simulation-game oracle:
 max_states alphabet  number_of_lts  ordered_lts_pairs  agreements  disagreements  complete_agreement                                        oracle
          2    a;tau            260              67600       67600              0                True dual attacker-defender least-fixed-point game

== Public-model semantic sensitivity ==
               model  asynchronous_states  asynchronous_edges  synchronous_states  synchronous_edges  common_reachable_states  reachable_state_jaccard  asynchronous_terminal_states  synchronous_terminal_states
mammalian_cell_cycle                  826                3413                  13                 13                       13                 0.015738                             0                            0
            p53_mdm2                   17                  26                   8                  7                        8                 0.470588                             1                            1

== HPN-DREAM held-out validation ==
  condition left_cell right_cell       formal_class  experimental_rmse  trace_distance_k6
      mTORi      BT20      BT549 one_way_simulation           0.191884           0.888889
      mTORi      BT20       MCF7     not_comparable           0.306253           0.800000
      mTORi     BT549       MCF7 one_way_simulation           0.255898           0.888889
 IGF1+mTORi      BT20      BT549 one_way_simulation           0.185483           0.942857
 IGF1+mTORi      BT20       MCF7     not_comparable           0.200407           0.907407
 IGF1+mTORi     BT549       MCF7     not_comparable           0.207070           0.960000
4EBP1+mTORi      BT20      BT549 one_way_simulation           0.227730           0.666667
4EBP1+mTORi      BT20       MCF7 one_way_simulation           0.275652           0.666667
4EBP1+mTORi     BT549       MCF7 one_way_simulation           0.277565           0.888889
Class/data exact test: {'n_model_pair_conditions': 9, 'n_conditions': 3, 'formal_class_spearman_rho': 0.09128709291752768, 'formal_class_exact_permutation_p_one_sided': 0.1111111111111111, 'trace_distance_spearman_rho': -0.595879571531124, 'trace_distance_exact_permutation_p_one_sided': 0.5555555555555556, 'graphlet_distance_spearman_rho': 0.6694619270045784, 'graphlet_distance_exact_permutation_p_one_sided': 0.09722222222222222, 'null_permutations': 216, 'primary_formal_metric': 'ordinal formal class', 'secondary_formal_metric': 'weak observable trace Jaccard distance at k=6', 'structural_baseline_metric': 'one minus LTS-GDA similarity', 'experimental_metric': 'RMSE over common post-zero held-out values'}
Blind CASPOTS scores:
source_cell target_cell  native_context  model_rmse  excess_rmse
       BT20        BT20            True    0.330238     0.000800
       BT20       BT549           False    0.311269     0.010482
       BT20        MCF7           False    0.277255     0.000000
      BT549        BT20           False    0.336711     0.007273
      BT549       BT549            True    0.313348     0.012561
      BT549        MCF7           False    0.283732     0.006476
       MCF7        BT20           False    0.334118     0.004680
       MCF7       BT549           False    0.311310     0.010524
       MCF7        MCF7            True    0.277255     0.000000

== Largest scalability cases ==
          variant  n_states_reference  n_states_candidate  total_runtime_ms
         identity                 129                 129        560.936625
silent refinement                 129                 145        597.685082

Figures -> /Users/cero/Downloads/Articulos/CompAlgMolCancer/figs
Results -> /Users/cero/Downloads/Articulos/CompAlgMolCancer/results
Checking that tracked deterministic results are unchanged...
OK: deterministic results regenerated identically.
